

================================================================
== Vivado HLS Report for 'keccak_absorb'
================================================================
* Date:           Tue Mar 19 14:02:58 2019

* Version:        2018.2 (Build 2258646 on Thu Jun 14 20:25:20 MDT 2018)
* Project:        Dilithium.prj
* Solution:       encryption_unroll
* Product family: artix7
* Target device:  xc7a200tfbg676-2


================================================================
== Performance Estimates
================================================================
+ Timing (ns): 
    * Summary: 
    +--------+-------+----------+------------+
    |  Clock | Target| Estimated| Uncertainty|
    +--------+-------+----------+------------+
    |ap_clk  |  10.00|     6.812|        1.25|
    +--------+-------+----------+------------+

+ Latency (clock cycles): 
    * Summary: 
    +-----+-----+-----+-----+---------+
    |  Latency  |  Interval | Pipeline|
    | min | max | min | max |   Type  |
    +-----+-----+-----+-----+---------+
    |    ?|    ?|    ?|    ?|   none  |
    +-----+-----+-----+-----+---------+

    + Detail: 
        * Instance: 
        N/A

        * Loop: 
        +-----------------+-----+-----+----------+-----------+-----------+---------+----------+
        |                 |  Latency  | Iteration|  Initiation Interval  |   Trip  |          |
        |    Loop Name    | min | max |  Latency |  achieved |   target  |  Count  | Pipelined|
        +-----------------+-----+-----+----------+-----------+-----------+---------+----------+
        |- Loop 1         |   25|   25|         1|          -|          -|       25|    no    |
        |- Loop 2         |    ?|    ?|       376|          -|          -|        ?|    no    |
        | + Loop 2.1      |  323|  323|        19|          -|          -|       17|    no    |
        |  ++ Loop 2.1.1  |   16|   16|         2|          -|          -|        8|    no    |
        |- Loop 3         |  136|  136|         1|          -|          -|      136|    no    |
        |- Loop 4         |    0|  270|         2|          -|          -| 0 ~ 135 |    no    |
        |- Loop 5         |  323|  323|        19|          -|          -|       17|    no    |
        | + Loop 5.1      |   16|   16|         2|          -|          -|        8|    no    |
        +-----------------+-----+-----+----------+-----------+-----------+---------+----------+

============================================================
+ Verbose Summary: Synthesis Manager
============================================================
InlineROM: 1
ExposeGlobal: 0
============================================================
+ Verbose Summary: CDFG Model
============================================================
IsTopModel: 0
ResetActiveHigh: 1
IsCombinational: 0
IsDatapathOnly: 0
HasWiredReturn: 1
HasMFsm: 0
HasVarLatency: 1
IsPipeline: 0
IsRtlPipelined: 0
IsInstanceOverlapped: 0
IsDontTouch: 0
HasImplIP: 0
IsGatedGlobalClock: 0


============================================================
+ Verbose Summary: Schedule
============================================================
* Number of FSM states : 17
* Pipeline : 0
* Dataflow Pipeline: 0

* FSM state transitions: 
1 --> 
	2  / true
2 --> 
	2  / (!tmp)
	3  / (tmp)
3 --> 
	4  / (!tmp_125)
	9  / (tmp_125)
4 --> 
	8  / (exitcond7)
	5  / (!exitcond7)
5 --> 
	6  / (!tmp_i)
	7  / (tmp_i)
6 --> 
	5  / true
7 --> 
	4  / true
8 --> 
	3  / true
9 --> 
	9  / (!exitcond)
	10  / (exitcond)
10 --> 
	11  / (tmp_129)
	12  / (!tmp_129)
11 --> 
	10  / true
12 --> 
	13  / true
13 --> 
	14  / true
14 --> 
	15  / (!exitcond8)
15 --> 
	16  / (!tmp_i3)
	17  / (tmp_i3)
16 --> 
	15  / true
17 --> 
	14  / true

* FSM state operations: 

State 1 <SV = 0> <Delay = 1.35>
ST_1 : Operation 18 [1/1] (0.00ns)   --->   "%mlen_read = call i64 @_ssdm_op_Read.ap_auto.i64(i64 %mlen)"   --->   Operation 18 'read' 'mlen_read' <Predicate = true> <Delay = 0.00>
ST_1 : Operation 19 [1/1] (0.00ns)   --->   "%t = alloca [200 x i8], align 16" [fips202.c:369]   --->   Operation 19 'alloca' 't' <Predicate = true> <Delay = 0.00> <Core = "RAM">   --->   Core 37 'RAM' <Latency = 1> <II = 1> <Delay = 2.77> <Storage> <Opcode : 'load' 'store'> <Ports = 2> <Width = 64> <Depth = 25> <RAM>
ST_1 : Operation 20 [1/1] (1.35ns)   --->   "br label %1" [fips202.c:372]   --->   Operation 20 'br' <Predicate = true> <Delay = 1.35>

State 2 <SV = 1> <Delay = 2.77>
ST_2 : Operation 21 [1/1] (0.00ns)   --->   "%i = phi i5 [ 0, %0 ], [ %i_57, %2 ]"   --->   Operation 21 'phi' 'i' <Predicate = true> <Delay = 0.00>
ST_2 : Operation 22 [1/1] (1.21ns)   --->   "%tmp = icmp eq i5 %i, -7" [fips202.c:372]   --->   Operation 22 'icmp' 'tmp' <Predicate = true> <Delay = 1.21> <Core = "Cmp">   --->   Core 25 'Cmp' <Latency = 0> <II = 1> <Delay = 1.21> <FuncUnit> <Opcode : 'icmp'> <InPorts = 2> <OutPorts = 1>
ST_2 : Operation 23 [1/1] (0.00ns)   --->   "%empty = call i32 (...)* @_ssdm_op_SpecLoopTripCount(i64 25, i64 25, i64 25)"   --->   Operation 23 'speclooptripcount' 'empty' <Predicate = true> <Delay = 0.00>
ST_2 : Operation 24 [1/1] (1.54ns)   --->   "%i_57 = add i5 %i, 1" [fips202.c:372]   --->   Operation 24 'add' 'i_57' <Predicate = true> <Delay = 1.54> <Core = "AddSub">   --->   Core 14 'AddSub' <Latency = 0> <II = 1> <Delay = 1.71> <FuncUnit> <Opcode : 'add' 'sub'> <InPorts = 2> <OutPorts = 1>
ST_2 : Operation 25 [1/1] (0.00ns)   --->   "br i1 %tmp, label %3, label %2" [fips202.c:372]   --->   Operation 25 'br' <Predicate = true> <Delay = 0.00>
ST_2 : Operation 26 [1/1] (0.00ns)   --->   "%tmp_124 = zext i5 %i to i64" [fips202.c:373]   --->   Operation 26 'zext' 'tmp_124' <Predicate = (!tmp)> <Delay = 0.00>
ST_2 : Operation 27 [1/1] (0.00ns)   --->   "%s_addr = getelementptr [25 x i64]* %s, i64 0, i64 %tmp_124" [fips202.c:373]   --->   Operation 27 'getelementptr' 's_addr' <Predicate = (!tmp)> <Delay = 0.00>
ST_2 : Operation 28 [1/1] (2.77ns)   --->   "store i64 0, i64* %s_addr, align 8" [fips202.c:373]   --->   Operation 28 'store' <Predicate = (!tmp)> <Delay = 2.77> <Core = "RAM">   --->   Core 37 'RAM' <Latency = 1> <II = 1> <Delay = 2.77> <Storage> <Opcode : 'load' 'store'> <Ports = 2> <Width = 64> <Depth = 25> <RAM>
ST_2 : Operation 29 [1/1] (0.00ns)   --->   "br label %1" [fips202.c:372]   --->   Operation 29 'br' <Predicate = (!tmp)> <Delay = 0.00>
ST_2 : Operation 30 [1/1] (0.00ns)   --->   "%tmp_644 = trunc i64 %mlen_read to i32"   --->   Operation 30 'trunc' 'tmp_644' <Predicate = (tmp)> <Delay = 0.00>
ST_2 : Operation 31 [1/1] (1.35ns)   --->   "br label %4" [fips202.c:375]   --->   Operation 31 'br' <Predicate = (tmp)> <Delay = 1.35>

State 3 <SV = 2> <Delay = 2.34>
ST_3 : Operation 32 [1/1] (0.00ns)   --->   "%i_58 = phi i32 [ %indvars_iv_next, %8 ], [ %tmp_644, %3 ]" [fips202.c:386]   --->   Operation 32 'phi' 'i_58' <Predicate = true> <Delay = 0.00>
ST_3 : Operation 33 [1/1] (0.00ns)   --->   "%p_01_rec = phi i64 [ %p_rec, %8 ], [ 0, %3 ]" [fips202.c:381]   --->   Operation 33 'phi' 'p_01_rec' <Predicate = true> <Delay = 0.00>
ST_3 : Operation 34 [1/1] (0.00ns)   --->   "%p_0 = phi i64 [ %mlen_assign, %8 ], [ %mlen_read, %3 ]" [fips202.c:380]   --->   Operation 34 'phi' 'p_0' <Predicate = true> <Delay = 0.00>
ST_3 : Operation 35 [1/1] (0.00ns)   --->   "%tmp_645 = trunc i64 %p_01_rec to i13" [fips202.c:386]   --->   Operation 35 'trunc' 'tmp_645' <Predicate = true> <Delay = 0.00>
ST_3 : Operation 36 [1/1] (2.34ns)   --->   "%tmp_125 = icmp ult i64 %p_0, 136" [fips202.c:375]   --->   Operation 36 'icmp' 'tmp_125' <Predicate = true> <Delay = 2.34> <Core = "Cmp">   --->   Core 25 'Cmp' <Latency = 0> <II = 1> <Delay = 1.21> <FuncUnit> <Opcode : 'icmp'> <InPorts = 2> <OutPorts = 1>
ST_3 : Operation 37 [1/1] (0.00ns)   --->   "br i1 %tmp_125, label %.preheader3.preheader, label %.preheader4.preheader" [fips202.c:375]   --->   Operation 37 'br' <Predicate = true> <Delay = 0.00>
ST_3 : Operation 38 [1/1] (1.35ns)   --->   "br label %.preheader4"   --->   Operation 38 'br' <Predicate = (!tmp_125)> <Delay = 1.35>
ST_3 : Operation 39 [1/1] (1.35ns)   --->   "br label %.preheader3" [fips202.c:384]   --->   Operation 39 'br' <Predicate = (tmp_125)> <Delay = 1.35>

State 4 <SV = 3> <Delay = 2.99>
ST_4 : Operation 40 [1/1] (0.00ns)   --->   "%i_1 = phi i5 [ %i_9, %load64.1.exit ], [ 0, %.preheader4.preheader ]"   --->   Operation 40 'phi' 'i_1' <Predicate = true> <Delay = 0.00>
ST_4 : Operation 41 [1/1] (0.00ns)   --->   "%empty_76 = call i32 (...)* @_ssdm_op_SpecLoopTripCount(i64 17, i64 17, i64 17)"   --->   Operation 41 'speclooptripcount' 'empty_76' <Predicate = true> <Delay = 0.00>
ST_4 : Operation 42 [1/1] (1.21ns)   --->   "%exitcond7 = icmp eq i5 %i_1, -15" [fips202.c:376]   --->   Operation 42 'icmp' 'exitcond7' <Predicate = true> <Delay = 1.21> <Core = "Cmp">   --->   Core 25 'Cmp' <Latency = 0> <II = 1> <Delay = 1.21> <FuncUnit> <Opcode : 'icmp'> <InPorts = 2> <OutPorts = 1>
ST_4 : Operation 43 [1/1] (1.54ns)   --->   "%i_9 = add i5 %i_1, 1" [fips202.c:376]   --->   Operation 43 'add' 'i_9' <Predicate = true> <Delay = 1.54> <Core = "AddSub">   --->   Core 14 'AddSub' <Latency = 0> <II = 1> <Delay = 1.71> <FuncUnit> <Opcode : 'add' 'sub'> <InPorts = 2> <OutPorts = 1>
ST_4 : Operation 44 [1/1] (0.00ns)   --->   "br i1 %exitcond7, label %8, label %5" [fips202.c:376]   --->   Operation 44 'br' <Predicate = true> <Delay = 0.00>
ST_4 : Operation 45 [1/1] (0.00ns)   --->   "%tmp_127 = call i8 @_ssdm_op_BitConcatenate.i8.i5.i3(i5 %i_1, i3 0)" [fips202.c:377]   --->   Operation 45 'bitconcatenate' 'tmp_127' <Predicate = (!exitcond7)> <Delay = 0.00>
ST_4 : Operation 46 [1/1] (0.00ns)   --->   "%tmp_207_cast = zext i8 %tmp_127 to i13" [fips202.c:28->fips202.c:377]   --->   Operation 46 'zext' 'tmp_207_cast' <Predicate = (!exitcond7)> <Delay = 0.00>
ST_4 : Operation 47 [1/1] (1.79ns)   --->   "%tmp1 = add i13 %tmp_207_cast, %tmp_645" [fips202.c:28->fips202.c:377]   --->   Operation 47 'add' 'tmp1' <Predicate = (!exitcond7)> <Delay = 1.79> <Core = "AddSub">   --->   Core 14 'AddSub' <Latency = 0> <II = 1> <Delay = 1.71> <FuncUnit> <Opcode : 'add' 'sub'> <InPorts = 2> <OutPorts = 1>
ST_4 : Operation 48 [1/1] (1.35ns)   --->   "br label %6" [fips202.c:28->fips202.c:377]   --->   Operation 48 'br' <Predicate = (!exitcond7)> <Delay = 1.35>
ST_4 : Operation 49 [2/2] (0.00ns)   --->   "call fastcc void @KeccakF1600_StatePer([25 x i64]* %s)" [fips202.c:379]   --->   Operation 49 'call' <Predicate = (exitcond7)> <Delay = 0.00> <CoreType = "Generic">   --->   Core 0 '' <Latency = 0> <II = 1> <Delay = 1.00> <Generic> <Opcode : >
ST_4 : Operation 50 [1/1] (2.99ns)   --->   "%p_rec = add i64 %p_01_rec, 136" [fips202.c:381]   --->   Operation 50 'add' 'p_rec' <Predicate = (exitcond7)> <Delay = 2.99> <Core = "AddSub">   --->   Core 14 'AddSub' <Latency = 0> <II = 1> <Delay = 1.71> <FuncUnit> <Opcode : 'add' 'sub'> <InPorts = 2> <OutPorts = 1>

State 5 <SV = 4> <Delay = 6.34>
ST_5 : Operation 51 [1/1] (0.00ns)   --->   "%i_i = phi i4 [ 0, %5 ], [ %i_60, %7 ]"   --->   Operation 51 'phi' 'i_i' <Predicate = true> <Delay = 0.00>
ST_5 : Operation 52 [1/1] (0.00ns)   --->   "%r_i = phi i64 [ 0, %5 ], [ %r, %7 ]"   --->   Operation 52 'phi' 'r_i' <Predicate = true> <Delay = 0.00>
ST_5 : Operation 53 [1/1] (1.21ns)   --->   "%tmp_i = icmp eq i4 %i_i, -8" [fips202.c:28->fips202.c:377]   --->   Operation 53 'icmp' 'tmp_i' <Predicate = true> <Delay = 1.21> <Core = "Cmp">   --->   Core 25 'Cmp' <Latency = 0> <II = 1> <Delay = 1.21> <FuncUnit> <Opcode : 'icmp'> <InPorts = 2> <OutPorts = 1>
ST_5 : Operation 54 [1/1] (0.00ns)   --->   "%empty_77 = call i32 (...)* @_ssdm_op_SpecLoopTripCount(i64 8, i64 8, i64 8)"   --->   Operation 54 'speclooptripcount' 'empty_77' <Predicate = true> <Delay = 0.00>
ST_5 : Operation 55 [1/1] (1.49ns)   --->   "%i_60 = add i4 %i_i, 1" [fips202.c:28->fips202.c:377]   --->   Operation 55 'add' 'i_60' <Predicate = true> <Delay = 1.49> <Core = "AddSub">   --->   Core 14 'AddSub' <Latency = 0> <II = 1> <Delay = 1.71> <FuncUnit> <Opcode : 'add' 'sub'> <InPorts = 2> <OutPorts = 1>
ST_5 : Operation 56 [1/1] (0.00ns)   --->   "br i1 %tmp_i, label %load64.1.exit, label %7" [fips202.c:28->fips202.c:377]   --->   Operation 56 'br' <Predicate = true> <Delay = 0.00>
ST_5 : Operation 57 [1/1] (0.00ns)   --->   "%tmp_i_cast = zext i4 %i_i to i12" [fips202.c:28->fips202.c:377]   --->   Operation 57 'zext' 'tmp_i_cast' <Predicate = (!tmp_i)> <Delay = 0.00>
ST_5 : Operation 58 [1/1] (1.77ns)   --->   "%tmp2 = add i12 -1443, %tmp_i_cast" [fips202.c:28->fips202.c:377]   --->   Operation 58 'add' 'tmp2' <Predicate = (!tmp_i)> <Delay = 1.77> <Core = "AddSub">   --->   Core 14 'AddSub' <Latency = 0> <II = 1> <Delay = 1.71> <FuncUnit> <Opcode : 'add' 'sub'> <InPorts = 2> <OutPorts = 1>
ST_5 : Operation 59 [1/1] (0.00ns)   --->   "%tmp2_cast = zext i12 %tmp2 to i13" [fips202.c:28->fips202.c:377]   --->   Operation 59 'zext' 'tmp2_cast' <Predicate = (!tmp_i)> <Delay = 0.00>
ST_5 : Operation 60 [1/1] (1.79ns)   --->   "%sum_i = add i13 %tmp1, %tmp2_cast" [fips202.c:28->fips202.c:377]   --->   Operation 60 'add' 'sum_i' <Predicate = (!tmp_i)> <Delay = 1.79> <Core = "AddSub">   --->   Core 14 'AddSub' <Latency = 0> <II = 1> <Delay = 1.71> <FuncUnit> <Opcode : 'add' 'sub'> <InPorts = 2> <OutPorts = 1>
ST_5 : Operation 61 [1/1] (0.00ns)   --->   "%sum_i_cast = zext i13 %sum_i to i64" [fips202.c:28->fips202.c:377]   --->   Operation 61 'zext' 'sum_i_cast' <Predicate = (!tmp_i)> <Delay = 0.00>
ST_5 : Operation 62 [1/1] (0.00ns)   --->   "%m_addr_2 = getelementptr [2760 x i8]* %m, i64 0, i64 %sum_i_cast" [fips202.c:29->fips202.c:377]   --->   Operation 62 'getelementptr' 'm_addr_2' <Predicate = (!tmp_i)> <Delay = 0.00>
ST_5 : Operation 63 [2/2] (2.77ns)   --->   "%m_load_2 = load i8* %m_addr_2, align 1" [fips202.c:29->fips202.c:377]   --->   Operation 63 'load' 'm_load_2' <Predicate = (!tmp_i)> <Delay = 2.77> <Core = "RAM">   --->   Core 37 'RAM' <Latency = 1> <II = 1> <Delay = 2.77> <Storage> <Opcode : 'load' 'store'> <Ports = 2> <Width = 64> <Depth = 25> <RAM>
ST_5 : Operation 64 [1/1] (0.00ns)   --->   "%tmp_133 = zext i5 %i_1 to i64" [fips202.c:377]   --->   Operation 64 'zext' 'tmp_133' <Predicate = (tmp_i)> <Delay = 0.00>
ST_5 : Operation 65 [1/1] (0.00ns)   --->   "%s_addr_5 = getelementptr [25 x i64]* %s, i64 0, i64 %tmp_133" [fips202.c:377]   --->   Operation 65 'getelementptr' 's_addr_5' <Predicate = (tmp_i)> <Delay = 0.00>
ST_5 : Operation 66 [2/2] (2.77ns)   --->   "%s_load = load i64* %s_addr_5, align 8" [fips202.c:377]   --->   Operation 66 'load' 's_load' <Predicate = (tmp_i)> <Delay = 2.77> <Core = "RAM">   --->   Core 37 'RAM' <Latency = 1> <II = 1> <Delay = 2.77> <Storage> <Opcode : 'load' 'store'> <Ports = 2> <Width = 64> <Depth = 25> <RAM>

State 6 <SV = 5> <Delay = 5.19>
ST_6 : Operation 67 [1/2] (2.77ns)   --->   "%m_load_2 = load i8* %m_addr_2, align 1" [fips202.c:29->fips202.c:377]   --->   Operation 67 'load' 'm_load_2' <Predicate = true> <Delay = 2.77> <Core = "RAM">   --->   Core 37 'RAM' <Latency = 1> <II = 1> <Delay = 2.77> <Storage> <Opcode : 'load' 'store'> <Ports = 2> <Width = 64> <Depth = 25> <RAM>
ST_6 : Operation 68 [1/1] (0.00ns) (grouped into LUT with out node r)   --->   "%tmp_223_i = zext i8 %m_load_2 to i64" [fips202.c:29->fips202.c:377]   --->   Operation 68 'zext' 'tmp_223_i' <Predicate = true> <Delay = 0.00>
ST_6 : Operation 69 [1/1] (0.00ns) (grouped into LUT with out node r)   --->   "%tmp_646 = trunc i4 %i_i to i3" [fips202.c:28->fips202.c:377]   --->   Operation 69 'trunc' 'tmp_646' <Predicate = true> <Delay = 0.00>
ST_6 : Operation 70 [1/1] (0.00ns) (grouped into LUT with out node r)   --->   "%tmp_224_i = call i6 @_ssdm_op_BitConcatenate.i6.i3.i3(i3 %tmp_646, i3 0)" [fips202.c:29->fips202.c:377]   --->   Operation 70 'bitconcatenate' 'tmp_224_i' <Predicate = true> <Delay = 0.00>
ST_6 : Operation 71 [1/1] (0.00ns) (grouped into LUT with out node r)   --->   "%tmp_225_i = zext i6 %tmp_224_i to i64" [fips202.c:29->fips202.c:377]   --->   Operation 71 'zext' 'tmp_225_i' <Predicate = true> <Delay = 0.00>
ST_6 : Operation 72 [1/1] (0.00ns) (grouped into LUT with out node r)   --->   "%tmp_226_i = shl i64 %tmp_223_i, %tmp_225_i" [fips202.c:29->fips202.c:377]   --->   Operation 72 'shl' 'tmp_226_i' <Predicate = true> <Delay = 0.00> <Core = "Shift">   --->   Core 28 'Shift' <Latency = 0> <II = 1> <Delay = 2.42> <FuncUnit> <Opcode : 'shl' 'lshr' 'ashr'> <InPorts = 2> <OutPorts = 1>
ST_6 : Operation 73 [1/1] (2.42ns) (out node of the LUT)   --->   "%r = or i64 %tmp_226_i, %r_i" [fips202.c:29->fips202.c:377]   --->   Operation 73 'or' 'r' <Predicate = true> <Delay = 2.42> <Core = "LogicGate">   --->   Core 27 'LogicGate' <Latency = 0> <II = 1> <Delay = 0.80> <FuncUnit> <Opcode : 'and' 'or' 'xor'> <InPorts = 2> <OutPorts = 1>
ST_6 : Operation 74 [1/1] (0.00ns)   --->   "br label %6" [fips202.c:28->fips202.c:377]   --->   Operation 74 'br' <Predicate = true> <Delay = 0.00>

State 7 <SV = 5> <Delay = 6.35>
ST_7 : Operation 75 [1/2] (2.77ns)   --->   "%s_load = load i64* %s_addr_5, align 8" [fips202.c:377]   --->   Operation 75 'load' 's_load' <Predicate = true> <Delay = 2.77> <Core = "RAM">   --->   Core 37 'RAM' <Latency = 1> <II = 1> <Delay = 2.77> <Storage> <Opcode : 'load' 'store'> <Ports = 2> <Width = 64> <Depth = 25> <RAM>
ST_7 : Operation 76 [1/1] (0.80ns)   --->   "%tmp_134 = xor i64 %s_load, %r_i" [fips202.c:377]   --->   Operation 76 'xor' 'tmp_134' <Predicate = true> <Delay = 0.80> <Core = "LogicGate">   --->   Core 27 'LogicGate' <Latency = 0> <II = 1> <Delay = 0.80> <FuncUnit> <Opcode : 'and' 'or' 'xor'> <InPorts = 2> <OutPorts = 1>
ST_7 : Operation 77 [1/1] (2.77ns)   --->   "store i64 %tmp_134, i64* %s_addr_5, align 8" [fips202.c:377]   --->   Operation 77 'store' <Predicate = true> <Delay = 2.77> <Core = "RAM">   --->   Core 37 'RAM' <Latency = 1> <II = 1> <Delay = 2.77> <Storage> <Opcode : 'load' 'store'> <Ports = 2> <Width = 64> <Depth = 25> <RAM>
ST_7 : Operation 78 [1/1] (0.00ns)   --->   "br label %.preheader4" [fips202.c:376]   --->   Operation 78 'br' <Predicate = true> <Delay = 0.00>

State 8 <SV = 4> <Delay = 2.99>
ST_8 : Operation 79 [1/2] (0.00ns)   --->   "call fastcc void @KeccakF1600_StatePer([25 x i64]* %s)" [fips202.c:379]   --->   Operation 79 'call' <Predicate = true> <Delay = 0.00> <CoreType = "Generic">   --->   Core 0 '' <Latency = 0> <II = 1> <Delay = 1.00> <Generic> <Opcode : >
ST_8 : Operation 80 [1/1] (2.99ns)   --->   "%mlen_assign = add i64 %p_0, -136" [fips202.c:380]   --->   Operation 80 'add' 'mlen_assign' <Predicate = true> <Delay = 2.99> <Core = "AddSub">   --->   Core 14 'AddSub' <Latency = 0> <II = 1> <Delay = 1.71> <FuncUnit> <Opcode : 'add' 'sub'> <InPorts = 2> <OutPorts = 1>
ST_8 : Operation 81 [1/1] (2.18ns)   --->   "%indvars_iv_next = add i32 %i_58, -136" [fips202.c:382]   --->   Operation 81 'add' 'indvars_iv_next' <Predicate = true> <Delay = 2.18> <Core = "AddSub">   --->   Core 14 'AddSub' <Latency = 0> <II = 1> <Delay = 1.71> <FuncUnit> <Opcode : 'add' 'sub'> <InPorts = 2> <OutPorts = 1>
ST_8 : Operation 82 [1/1] (0.00ns)   --->   "br label %4" [fips202.c:382]   --->   Operation 82 'br' <Predicate = true> <Delay = 0.00>

State 9 <SV = 3> <Delay = 2.77>
ST_9 : Operation 83 [1/1] (0.00ns)   --->   "%i_2 = phi i8 [ %i_59, %9 ], [ 0, %.preheader3.preheader ]"   --->   Operation 83 'phi' 'i_2' <Predicate = true> <Delay = 0.00>
ST_9 : Operation 84 [1/1] (1.24ns)   --->   "%exitcond = icmp eq i8 %i_2, -120" [fips202.c:384]   --->   Operation 84 'icmp' 'exitcond' <Predicate = true> <Delay = 1.24> <Core = "Cmp">   --->   Core 25 'Cmp' <Latency = 0> <II = 1> <Delay = 1.21> <FuncUnit> <Opcode : 'icmp'> <InPorts = 2> <OutPorts = 1>
ST_9 : Operation 85 [1/1] (0.00ns)   --->   "%empty_78 = call i32 (...)* @_ssdm_op_SpecLoopTripCount(i64 136, i64 136, i64 136)"   --->   Operation 85 'speclooptripcount' 'empty_78' <Predicate = true> <Delay = 0.00>
ST_9 : Operation 86 [1/1] (1.71ns)   --->   "%i_59 = add i8 %i_2, 1" [fips202.c:384]   --->   Operation 86 'add' 'i_59' <Predicate = true> <Delay = 1.71> <Core = "AddSub">   --->   Core 14 'AddSub' <Latency = 0> <II = 1> <Delay = 1.71> <FuncUnit> <Opcode : 'add' 'sub'> <InPorts = 2> <OutPorts = 1>
ST_9 : Operation 87 [1/1] (0.00ns)   --->   "br i1 %exitcond, label %.preheader.preheader, label %9" [fips202.c:384]   --->   Operation 87 'br' <Predicate = true> <Delay = 0.00>
ST_9 : Operation 88 [1/1] (0.00ns)   --->   "%tmp_126 = zext i8 %i_2 to i64" [fips202.c:385]   --->   Operation 88 'zext' 'tmp_126' <Predicate = (!exitcond)> <Delay = 0.00>
ST_9 : Operation 89 [1/1] (0.00ns)   --->   "%t_addr = getelementptr inbounds [200 x i8]* %t, i64 0, i64 %tmp_126" [fips202.c:385]   --->   Operation 89 'getelementptr' 't_addr' <Predicate = (!exitcond)> <Delay = 0.00>
ST_9 : Operation 90 [1/1] (2.77ns)   --->   "store i8 0, i8* %t_addr, align 1" [fips202.c:385]   --->   Operation 90 'store' <Predicate = (!exitcond)> <Delay = 2.77> <Core = "RAM">   --->   Core 37 'RAM' <Latency = 1> <II = 1> <Delay = 2.77> <Storage> <Opcode : 'load' 'store'> <Ports = 2> <Width = 64> <Depth = 25> <RAM>
ST_9 : Operation 91 [1/1] (0.00ns)   --->   "br label %.preheader3" [fips202.c:384]   --->   Operation 91 'br' <Predicate = (!exitcond)> <Delay = 0.00>
ST_9 : Operation 92 [1/1] (1.35ns)   --->   "br label %.preheader" [fips202.c:386]   --->   Operation 92 'br' <Predicate = (exitcond)> <Delay = 1.35>

State 10 <SV = 4> <Delay = 6.34>
ST_10 : Operation 93 [1/1] (0.00ns)   --->   "%i_3 = phi i8 [ %tmp_130, %10 ], [ 0, %.preheader.preheader ]" [fips202.c:386]   --->   Operation 93 'phi' 'i_3' <Predicate = true> <Delay = 0.00>
ST_10 : Operation 94 [1/1] (0.00ns)   --->   "%tmp_128 = zext i8 %i_3 to i64" [fips202.c:386]   --->   Operation 94 'zext' 'tmp_128' <Predicate = true> <Delay = 0.00>
ST_10 : Operation 95 [1/1] (0.00ns)   --->   "%tmp_208_cast = zext i8 %i_3 to i12" [fips202.c:386]   --->   Operation 95 'zext' 'tmp_208_cast' <Predicate = true> <Delay = 0.00>
ST_10 : Operation 96 [1/1] (2.34ns)   --->   "%tmp_129 = icmp ult i64 %tmp_128, %p_0" [fips202.c:386]   --->   Operation 96 'icmp' 'tmp_129' <Predicate = true> <Delay = 2.34> <Core = "Cmp">   --->   Core 25 'Cmp' <Latency = 0> <II = 1> <Delay = 1.21> <FuncUnit> <Opcode : 'icmp'> <InPorts = 2> <OutPorts = 1>
ST_10 : Operation 97 [1/1] (0.00ns)   --->   "%empty_79 = call i32 (...)* @_ssdm_op_SpecLoopTripCount(i64 0, i64 135, i64 0)"   --->   Operation 97 'speclooptripcount' 'empty_79' <Predicate = true> <Delay = 0.00>
ST_10 : Operation 98 [1/1] (1.71ns)   --->   "%tmp_130 = add i8 %i_3, 1" [fips202.c:386]   --->   Operation 98 'add' 'tmp_130' <Predicate = true> <Delay = 1.71> <Core = "AddSub">   --->   Core 14 'AddSub' <Latency = 0> <II = 1> <Delay = 1.71> <FuncUnit> <Opcode : 'add' 'sub'> <InPorts = 2> <OutPorts = 1>
ST_10 : Operation 99 [1/1] (0.00ns)   --->   "br i1 %tmp_129, label %10, label %11" [fips202.c:386]   --->   Operation 99 'br' <Predicate = true> <Delay = 0.00>
ST_10 : Operation 100 [1/1] (1.77ns)   --->   "%tmp3 = add i12 %tmp_208_cast, -1443" [fips202.c:386]   --->   Operation 100 'add' 'tmp3' <Predicate = (tmp_129)> <Delay = 1.77> <Core = "AddSub">   --->   Core 14 'AddSub' <Latency = 0> <II = 1> <Delay = 1.71> <FuncUnit> <Opcode : 'add' 'sub'> <InPorts = 2> <OutPorts = 1>
ST_10 : Operation 101 [1/1] (0.00ns)   --->   "%tmp3_cast = zext i12 %tmp3 to i13" [fips202.c:386]   --->   Operation 101 'zext' 'tmp3_cast' <Predicate = (tmp_129)> <Delay = 0.00>
ST_10 : Operation 102 [1/1] (1.79ns)   --->   "%sum2 = add i13 %tmp3_cast, %tmp_645" [fips202.c:386]   --->   Operation 102 'add' 'sum2' <Predicate = (tmp_129)> <Delay = 1.79> <Core = "AddSub">   --->   Core 14 'AddSub' <Latency = 0> <II = 1> <Delay = 1.71> <FuncUnit> <Opcode : 'add' 'sub'> <InPorts = 2> <OutPorts = 1>
ST_10 : Operation 103 [1/1] (0.00ns)   --->   "%sum2_cast = zext i13 %sum2 to i64" [fips202.c:386]   --->   Operation 103 'zext' 'sum2_cast' <Predicate = (tmp_129)> <Delay = 0.00>
ST_10 : Operation 104 [1/1] (0.00ns)   --->   "%m_addr = getelementptr [2760 x i8]* %m, i64 0, i64 %sum2_cast" [fips202.c:387]   --->   Operation 104 'getelementptr' 'm_addr' <Predicate = (tmp_129)> <Delay = 0.00>
ST_10 : Operation 105 [2/2] (2.77ns)   --->   "%m_load = load i8* %m_addr, align 1" [fips202.c:387]   --->   Operation 105 'load' 'm_load' <Predicate = (tmp_129)> <Delay = 2.77> <Core = "RAM">   --->   Core 37 'RAM' <Latency = 1> <II = 1> <Delay = 2.77> <Storage> <Opcode : 'load' 'store'> <Ports = 2> <Width = 64> <Depth = 25> <RAM>
ST_10 : Operation 106 [1/1] (0.00ns)   --->   "%tmp_131 = zext i32 %i_58 to i64" [fips202.c:388]   --->   Operation 106 'zext' 'tmp_131' <Predicate = (!tmp_129)> <Delay = 0.00>
ST_10 : Operation 107 [1/1] (0.00ns)   --->   "%t_addr_3 = getelementptr inbounds [200 x i8]* %t, i64 0, i64 %tmp_131" [fips202.c:388]   --->   Operation 107 'getelementptr' 't_addr_3' <Predicate = (!tmp_129)> <Delay = 0.00>
ST_10 : Operation 108 [1/1] (2.77ns)   --->   "store i8 31, i8* %t_addr_3, align 1" [fips202.c:388]   --->   Operation 108 'store' <Predicate = (!tmp_129)> <Delay = 2.77> <Core = "RAM">   --->   Core 37 'RAM' <Latency = 1> <II = 1> <Delay = 2.77> <Storage> <Opcode : 'load' 'store'> <Ports = 2> <Width = 64> <Depth = 25> <RAM>

State 11 <SV = 5> <Delay = 5.54>
ST_11 : Operation 109 [1/2] (2.77ns)   --->   "%m_load = load i8* %m_addr, align 1" [fips202.c:387]   --->   Operation 109 'load' 'm_load' <Predicate = true> <Delay = 2.77> <Core = "RAM">   --->   Core 37 'RAM' <Latency = 1> <II = 1> <Delay = 2.77> <Storage> <Opcode : 'load' 'store'> <Ports = 2> <Width = 64> <Depth = 25> <RAM>
ST_11 : Operation 110 [1/1] (0.00ns)   --->   "%t_addr_2 = getelementptr inbounds [200 x i8]* %t, i64 0, i64 %tmp_128" [fips202.c:387]   --->   Operation 110 'getelementptr' 't_addr_2' <Predicate = true> <Delay = 0.00>
ST_11 : Operation 111 [1/1] (2.77ns)   --->   "store i8 %m_load, i8* %t_addr_2, align 1" [fips202.c:387]   --->   Operation 111 'store' <Predicate = true> <Delay = 2.77> <Core = "RAM">   --->   Core 37 'RAM' <Latency = 1> <II = 1> <Delay = 2.77> <Storage> <Opcode : 'load' 'store'> <Ports = 2> <Width = 64> <Depth = 25> <RAM>
ST_11 : Operation 112 [1/1] (0.00ns)   --->   "br label %.preheader" [fips202.c:386]   --->   Operation 112 'br' <Predicate = true> <Delay = 0.00>

State 12 <SV = 5> <Delay = 2.77>
ST_12 : Operation 113 [1/1] (0.00ns)   --->   "%t_addr_4 = getelementptr inbounds [200 x i8]* %t, i64 0, i64 135" [fips202.c:389]   --->   Operation 113 'getelementptr' 't_addr_4' <Predicate = true> <Delay = 0.00>
ST_12 : Operation 114 [2/2] (2.77ns)   --->   "%t_load = load i8* %t_addr_4, align 1" [fips202.c:389]   --->   Operation 114 'load' 't_load' <Predicate = true> <Delay = 2.77> <Core = "RAM">   --->   Core 37 'RAM' <Latency = 1> <II = 1> <Delay = 2.77> <Storage> <Opcode : 'load' 'store'> <Ports = 2> <Width = 64> <Depth = 25> <RAM>

State 13 <SV = 6> <Delay = 5.54>
ST_13 : Operation 115 [1/2] (2.77ns)   --->   "%t_load = load i8* %t_addr_4, align 1" [fips202.c:389]   --->   Operation 115 'load' 't_load' <Predicate = true> <Delay = 2.77> <Core = "RAM">   --->   Core 37 'RAM' <Latency = 1> <II = 1> <Delay = 2.77> <Storage> <Opcode : 'load' 'store'> <Ports = 2> <Width = 64> <Depth = 25> <RAM>
ST_13 : Operation 116 [1/1] (0.00ns)   --->   "%tmp_132 = or i8 %t_load, -128" [fips202.c:389]   --->   Operation 116 'or' 'tmp_132' <Predicate = true> <Delay = 0.00>
ST_13 : Operation 117 [1/1] (2.77ns)   --->   "store i8 %tmp_132, i8* %t_addr_4, align 1" [fips202.c:389]   --->   Operation 117 'store' <Predicate = true> <Delay = 2.77> <Core = "RAM">   --->   Core 37 'RAM' <Latency = 1> <II = 1> <Delay = 2.77> <Storage> <Opcode : 'load' 'store'> <Ports = 2> <Width = 64> <Depth = 25> <RAM>
ST_13 : Operation 118 [1/1] (1.35ns)   --->   "br label %12" [fips202.c:390]   --->   Operation 118 'br' <Predicate = true> <Delay = 1.35>

State 14 <SV = 7> <Delay = 1.54>
ST_14 : Operation 119 [1/1] (0.00ns)   --->   "%i_4 = phi i5 [ 0, %11 ], [ %i_61, %load64.exit ]"   --->   Operation 119 'phi' 'i_4' <Predicate = true> <Delay = 0.00>
ST_14 : Operation 120 [1/1] (0.00ns)   --->   "%empty_80 = call i32 (...)* @_ssdm_op_SpecLoopTripCount(i64 17, i64 17, i64 17)"   --->   Operation 120 'speclooptripcount' 'empty_80' <Predicate = true> <Delay = 0.00>
ST_14 : Operation 121 [1/1] (1.21ns)   --->   "%exitcond8 = icmp eq i5 %i_4, -15" [fips202.c:390]   --->   Operation 121 'icmp' 'exitcond8' <Predicate = true> <Delay = 1.21> <Core = "Cmp">   --->   Core 25 'Cmp' <Latency = 0> <II = 1> <Delay = 1.21> <FuncUnit> <Opcode : 'icmp'> <InPorts = 2> <OutPorts = 1>
ST_14 : Operation 122 [1/1] (1.54ns)   --->   "%i_61 = add i5 %i_4, 1" [fips202.c:390]   --->   Operation 122 'add' 'i_61' <Predicate = true> <Delay = 1.54> <Core = "AddSub">   --->   Core 14 'AddSub' <Latency = 0> <II = 1> <Delay = 1.71> <FuncUnit> <Opcode : 'add' 'sub'> <InPorts = 2> <OutPorts = 1>
ST_14 : Operation 123 [1/1] (0.00ns)   --->   "br i1 %exitcond8, label %16, label %13" [fips202.c:390]   --->   Operation 123 'br' <Predicate = true> <Delay = 0.00>
ST_14 : Operation 124 [1/1] (0.00ns)   --->   "%tmp_135 = call i8 @_ssdm_op_BitConcatenate.i8.i5.i3(i5 %i_4, i3 0)" [fips202.c:391]   --->   Operation 124 'bitconcatenate' 'tmp_135' <Predicate = (!exitcond8)> <Delay = 0.00>
ST_14 : Operation 125 [1/1] (1.35ns)   --->   "br label %14" [fips202.c:28->fips202.c:391]   --->   Operation 125 'br' <Predicate = (!exitcond8)> <Delay = 1.35>
ST_14 : Operation 126 [1/1] (0.00ns)   --->   "ret void" [fips202.c:392]   --->   Operation 126 'ret' <Predicate = (exitcond8)> <Delay = 0.00>

State 15 <SV = 8> <Delay = 4.49>
ST_15 : Operation 127 [1/1] (0.00ns)   --->   "%i_i1 = phi i4 [ 0, %13 ], [ %i_10, %15 ]"   --->   Operation 127 'phi' 'i_i1' <Predicate = true> <Delay = 0.00>
ST_15 : Operation 128 [1/1] (0.00ns)   --->   "%r_i2 = phi i64 [ 0, %13 ], [ %r_2, %15 ]"   --->   Operation 128 'phi' 'r_i2' <Predicate = true> <Delay = 0.00>
ST_15 : Operation 129 [1/1] (1.21ns)   --->   "%tmp_i3 = icmp eq i4 %i_i1, -8" [fips202.c:28->fips202.c:391]   --->   Operation 129 'icmp' 'tmp_i3' <Predicate = true> <Delay = 1.21> <Core = "Cmp">   --->   Core 25 'Cmp' <Latency = 0> <II = 1> <Delay = 1.21> <FuncUnit> <Opcode : 'icmp'> <InPorts = 2> <OutPorts = 1>
ST_15 : Operation 130 [1/1] (0.00ns)   --->   "%empty_81 = call i32 (...)* @_ssdm_op_SpecLoopTripCount(i64 8, i64 8, i64 8)"   --->   Operation 130 'speclooptripcount' 'empty_81' <Predicate = true> <Delay = 0.00>
ST_15 : Operation 131 [1/1] (1.49ns)   --->   "%i_10 = add i4 %i_i1, 1" [fips202.c:28->fips202.c:391]   --->   Operation 131 'add' 'i_10' <Predicate = true> <Delay = 1.49> <Core = "AddSub">   --->   Core 14 'AddSub' <Latency = 0> <II = 1> <Delay = 1.71> <FuncUnit> <Opcode : 'add' 'sub'> <InPorts = 2> <OutPorts = 1>
ST_15 : Operation 132 [1/1] (0.00ns)   --->   "br i1 %tmp_i3, label %load64.exit, label %15" [fips202.c:28->fips202.c:391]   --->   Operation 132 'br' <Predicate = true> <Delay = 0.00>
ST_15 : Operation 133 [1/1] (0.00ns)   --->   "%tmp_i4_cast = zext i4 %i_i1 to i8" [fips202.c:28->fips202.c:391]   --->   Operation 133 'zext' 'tmp_i4_cast' <Predicate = (!tmp_i3)> <Delay = 0.00>
ST_15 : Operation 134 [1/1] (1.71ns)   --->   "%sum_i5 = add i8 %tmp_135, %tmp_i4_cast" [fips202.c:391]   --->   Operation 134 'add' 'sum_i5' <Predicate = (!tmp_i3)> <Delay = 1.71> <Core = "AddSub">   --->   Core 14 'AddSub' <Latency = 0> <II = 1> <Delay = 1.71> <FuncUnit> <Opcode : 'add' 'sub'> <InPorts = 2> <OutPorts = 1>
ST_15 : Operation 135 [1/1] (0.00ns)   --->   "%sum_i5_cast = zext i8 %sum_i5 to i64" [fips202.c:391]   --->   Operation 135 'zext' 'sum_i5_cast' <Predicate = (!tmp_i3)> <Delay = 0.00>
ST_15 : Operation 136 [1/1] (0.00ns)   --->   "%t_addr_7 = getelementptr [200 x i8]* %t, i64 0, i64 %sum_i5_cast" [fips202.c:29->fips202.c:391]   --->   Operation 136 'getelementptr' 't_addr_7' <Predicate = (!tmp_i3)> <Delay = 0.00>
ST_15 : Operation 137 [2/2] (2.77ns)   --->   "%t_load_4 = load i8* %t_addr_7, align 1" [fips202.c:29->fips202.c:391]   --->   Operation 137 'load' 't_load_4' <Predicate = (!tmp_i3)> <Delay = 2.77> <Core = "RAM">   --->   Core 37 'RAM' <Latency = 1> <II = 1> <Delay = 2.77> <Storage> <Opcode : 'load' 'store'> <Ports = 2> <Width = 64> <Depth = 25> <RAM>
ST_15 : Operation 138 [1/1] (0.00ns)   --->   "%tmp_136 = zext i5 %i_4 to i64" [fips202.c:391]   --->   Operation 138 'zext' 'tmp_136' <Predicate = (tmp_i3)> <Delay = 0.00>
ST_15 : Operation 139 [1/1] (0.00ns)   --->   "%s_addr_6 = getelementptr [25 x i64]* %s, i64 0, i64 %tmp_136" [fips202.c:391]   --->   Operation 139 'getelementptr' 's_addr_6' <Predicate = (tmp_i3)> <Delay = 0.00>
ST_15 : Operation 140 [2/2] (2.77ns)   --->   "%s_load_1 = load i64* %s_addr_6, align 8" [fips202.c:391]   --->   Operation 140 'load' 's_load_1' <Predicate = (tmp_i3)> <Delay = 2.77> <Core = "RAM">   --->   Core 37 'RAM' <Latency = 1> <II = 1> <Delay = 2.77> <Storage> <Opcode : 'load' 'store'> <Ports = 2> <Width = 64> <Depth = 25> <RAM>

State 16 <SV = 9> <Delay = 5.19>
ST_16 : Operation 141 [1/2] (2.77ns)   --->   "%t_load_4 = load i8* %t_addr_7, align 1" [fips202.c:29->fips202.c:391]   --->   Operation 141 'load' 't_load_4' <Predicate = true> <Delay = 2.77> <Core = "RAM">   --->   Core 37 'RAM' <Latency = 1> <II = 1> <Delay = 2.77> <Storage> <Opcode : 'load' 'store'> <Ports = 2> <Width = 64> <Depth = 25> <RAM>
ST_16 : Operation 142 [1/1] (0.00ns) (grouped into LUT with out node r_2)   --->   "%tmp_223_i8 = zext i8 %t_load_4 to i64" [fips202.c:29->fips202.c:391]   --->   Operation 142 'zext' 'tmp_223_i8' <Predicate = true> <Delay = 0.00>
ST_16 : Operation 143 [1/1] (0.00ns) (grouped into LUT with out node r_2)   --->   "%tmp_647 = trunc i4 %i_i1 to i3" [fips202.c:28->fips202.c:391]   --->   Operation 143 'trunc' 'tmp_647' <Predicate = true> <Delay = 0.00>
ST_16 : Operation 144 [1/1] (0.00ns) (grouped into LUT with out node r_2)   --->   "%tmp_224_i9 = call i6 @_ssdm_op_BitConcatenate.i6.i3.i3(i3 %tmp_647, i3 0)" [fips202.c:29->fips202.c:391]   --->   Operation 144 'bitconcatenate' 'tmp_224_i9' <Predicate = true> <Delay = 0.00>
ST_16 : Operation 145 [1/1] (0.00ns) (grouped into LUT with out node r_2)   --->   "%tmp_225_i2 = zext i6 %tmp_224_i9 to i64" [fips202.c:29->fips202.c:391]   --->   Operation 145 'zext' 'tmp_225_i2' <Predicate = true> <Delay = 0.00>
ST_16 : Operation 146 [1/1] (0.00ns) (grouped into LUT with out node r_2)   --->   "%tmp_226_i2 = shl i64 %tmp_223_i8, %tmp_225_i2" [fips202.c:29->fips202.c:391]   --->   Operation 146 'shl' 'tmp_226_i2' <Predicate = true> <Delay = 0.00> <Core = "Shift">   --->   Core 28 'Shift' <Latency = 0> <II = 1> <Delay = 2.42> <FuncUnit> <Opcode : 'shl' 'lshr' 'ashr'> <InPorts = 2> <OutPorts = 1>
ST_16 : Operation 147 [1/1] (2.42ns) (out node of the LUT)   --->   "%r_2 = or i64 %tmp_226_i2, %r_i2" [fips202.c:29->fips202.c:391]   --->   Operation 147 'or' 'r_2' <Predicate = true> <Delay = 2.42> <Core = "LogicGate">   --->   Core 27 'LogicGate' <Latency = 0> <II = 1> <Delay = 0.80> <FuncUnit> <Opcode : 'and' 'or' 'xor'> <InPorts = 2> <OutPorts = 1>
ST_16 : Operation 148 [1/1] (0.00ns)   --->   "br label %14" [fips202.c:28->fips202.c:391]   --->   Operation 148 'br' <Predicate = true> <Delay = 0.00>

State 17 <SV = 9> <Delay = 6.35>
ST_17 : Operation 149 [1/2] (2.77ns)   --->   "%s_load_1 = load i64* %s_addr_6, align 8" [fips202.c:391]   --->   Operation 149 'load' 's_load_1' <Predicate = true> <Delay = 2.77> <Core = "RAM">   --->   Core 37 'RAM' <Latency = 1> <II = 1> <Delay = 2.77> <Storage> <Opcode : 'load' 'store'> <Ports = 2> <Width = 64> <Depth = 25> <RAM>
ST_17 : Operation 150 [1/1] (0.80ns)   --->   "%tmp_137 = xor i64 %s_load_1, %r_i2" [fips202.c:391]   --->   Operation 150 'xor' 'tmp_137' <Predicate = true> <Delay = 0.80> <Core = "LogicGate">   --->   Core 27 'LogicGate' <Latency = 0> <II = 1> <Delay = 0.80> <FuncUnit> <Opcode : 'and' 'or' 'xor'> <InPorts = 2> <OutPorts = 1>
ST_17 : Operation 151 [1/1] (2.77ns)   --->   "store i64 %tmp_137, i64* %s_addr_6, align 8" [fips202.c:391]   --->   Operation 151 'store' <Predicate = true> <Delay = 2.77> <Core = "RAM">   --->   Core 37 'RAM' <Latency = 1> <II = 1> <Delay = 2.77> <Storage> <Opcode : 'load' 'store'> <Ports = 2> <Width = 64> <Depth = 25> <RAM>
ST_17 : Operation 152 [1/1] (0.00ns)   --->   "br label %12" [fips202.c:390]   --->   Operation 152 'br' <Predicate = true> <Delay = 0.00>


============================================================
+ Verbose Summary: Timing violations
============================================================
Target clock period: 10ns, clock uncertainty: 1.25ns.

 <State 1>: 1.35ns
The critical path consists of the following:
	multiplexor before 'phi' operation ('i') with incoming values : ('i', fips202.c:372) [9]  (1.35 ns)

 <State 2>: 2.77ns
The critical path consists of the following:
	'phi' operation ('i') with incoming values : ('i', fips202.c:372) [9]  (0 ns)
	'getelementptr' operation ('s_addr', fips202.c:373) [16]  (0 ns)
	'store' operation (fips202.c:373) of constant 0 on array 's' [17]  (2.77 ns)

 <State 3>: 2.34ns
The critical path consists of the following:
	'phi' operation ('p_0', fips202.c:380) with incoming values : ('mlen') ('mlen', fips202.c:380) [25]  (0 ns)
	'icmp' operation ('tmp_125', fips202.c:375) [27]  (2.34 ns)

 <State 4>: 3ns
The critical path consists of the following:
	'add' operation ('p_rec', fips202.c:381) [74]  (3 ns)

 <State 5>: 6.35ns
The critical path consists of the following:
	'phi' operation ('i') with incoming values : ('i', fips202.c:28->fips202.c:377) [43]  (0 ns)
	'add' operation ('tmp2', fips202.c:28->fips202.c:377) [51]  (1.78 ns)
	'add' operation ('sum_i', fips202.c:28->fips202.c:377) [53]  (1.79 ns)
	'getelementptr' operation ('m_addr_2', fips202.c:29->fips202.c:377) [55]  (0 ns)
	'load' operation ('m_load_2', fips202.c:29->fips202.c:377) on array 'm' [56]  (2.77 ns)

 <State 6>: 5.19ns
The critical path consists of the following:
	'load' operation ('m_load_2', fips202.c:29->fips202.c:377) on array 'm' [56]  (2.77 ns)
	'shl' operation ('tmp_226_i', fips202.c:29->fips202.c:377) [61]  (0 ns)
	'or' operation ('r', fips202.c:29->fips202.c:377) [62]  (2.42 ns)

 <State 7>: 6.35ns
The critical path consists of the following:
	'load' operation ('s_load', fips202.c:377) on array 's' [67]  (2.77 ns)
	'xor' operation ('tmp_134', fips202.c:377) [68]  (0.808 ns)
	'store' operation (fips202.c:377) of variable 'tmp_134', fips202.c:377 on array 's' [69]  (2.77 ns)

 <State 8>: 3ns
The critical path consists of the following:
	'add' operation ('mlen', fips202.c:380) [73]  (3 ns)

 <State 9>: 2.77ns
The critical path consists of the following:
	'phi' operation ('i') with incoming values : ('i', fips202.c:384) [80]  (0 ns)
	'getelementptr' operation ('t_addr', fips202.c:385) [87]  (0 ns)
	'store' operation (fips202.c:385) of constant 0 on array 't', fips202.c:369 [88]  (2.77 ns)

 <State 10>: 6.35ns
The critical path consists of the following:
	'phi' operation ('i_3', fips202.c:386) with incoming values : ('tmp_130', fips202.c:386) [93]  (0 ns)
	'add' operation ('tmp3', fips202.c:386) [101]  (1.78 ns)
	'add' operation ('sum2', fips202.c:386) [103]  (1.79 ns)
	'getelementptr' operation ('m_addr', fips202.c:387) [105]  (0 ns)
	'load' operation ('m_load', fips202.c:387) on array 'm' [106]  (2.77 ns)

 <State 11>: 5.54ns
The critical path consists of the following:
	'load' operation ('m_load', fips202.c:387) on array 'm' [106]  (2.77 ns)
	'store' operation (fips202.c:387) of variable 'm_load', fips202.c:387 on array 't', fips202.c:369 [108]  (2.77 ns)

 <State 12>: 2.77ns
The critical path consists of the following:
	'getelementptr' operation ('t_addr_4', fips202.c:389) [114]  (0 ns)
	'load' operation ('t_load', fips202.c:389) on array 't', fips202.c:369 [115]  (2.77 ns)

 <State 13>: 5.54ns
The critical path consists of the following:
	'load' operation ('t_load', fips202.c:389) on array 't', fips202.c:369 [115]  (2.77 ns)
	'or' operation ('tmp_132', fips202.c:389) [116]  (0 ns)
	'store' operation (fips202.c:389) of variable 'tmp_132', fips202.c:389 on array 't', fips202.c:369 [117]  (2.77 ns)

 <State 14>: 1.55ns
The critical path consists of the following:
	'phi' operation ('i') with incoming values : ('i', fips202.c:390) [120]  (0 ns)
	'add' operation ('i', fips202.c:390) [123]  (1.55 ns)

 <State 15>: 4.49ns
The critical path consists of the following:
	'phi' operation ('i') with incoming values : ('i', fips202.c:28->fips202.c:391) [129]  (0 ns)
	'add' operation ('sum_i5', fips202.c:391) [137]  (1.72 ns)
	'getelementptr' operation ('t_addr_7', fips202.c:29->fips202.c:391) [139]  (0 ns)
	'load' operation ('t_load_4', fips202.c:29->fips202.c:391) on array 't', fips202.c:369 [140]  (2.77 ns)

 <State 16>: 5.19ns
The critical path consists of the following:
	'load' operation ('t_load_4', fips202.c:29->fips202.c:391) on array 't', fips202.c:369 [140]  (2.77 ns)
	'shl' operation ('tmp_226_i2', fips202.c:29->fips202.c:391) [145]  (0 ns)
	'or' operation ('r', fips202.c:29->fips202.c:391) [146]  (2.42 ns)

 <State 17>: 6.35ns
The critical path consists of the following:
	'load' operation ('s_load_1', fips202.c:391) on array 's' [151]  (2.77 ns)
	'xor' operation ('tmp_137', fips202.c:391) [152]  (0.808 ns)
	'store' operation (fips202.c:391) of variable 'tmp_137', fips202.c:391 on array 's' [153]  (2.77 ns)


============================================================
+ Verbose Summary: Binding
============================================================
N/A
* FSMD analyzer results:
  - Output states:
 - Input state : 
  - Chain level:
	State 1
	State 2
	State 3
	State 4
	State 5
	State 6
	State 7
	State 8
	State 9
	State 10
	State 11
	State 12
	State 13
	State 14
	State 15
	State 16
	State 17


============================================================
+ Verbose Summary: Datapath Resource usage 
============================================================
N/A
