

================================================================
== Vivado HLS Report for 'keccak_squeezeblocks_2'
================================================================
* Date:           Wed Mar 27 17:23:01 2019

* Version:        2018.2 (Build 2258646 on Thu Jun 14 20:25:20 MDT 2018)
* Project:        Dilithium.prj
* Solution:       solution1
* Product family: artix7
* Target device:  xc7a200tfbg676-2


================================================================
== Performance Estimates
================================================================
+ Timing (ns): 
    * Summary: 
    +--------+-------+----------+------------+
    |  Clock | Target| Estimated| Uncertainty|
    +--------+-------+----------+------------+
    |ap_clk  |  10.00|     6.812|        1.25|
    +--------+-------+----------+------------+

+ Latency (clock cycles): 
    * Summary: 
    +-----+-----+-----+-----+---------+
    |  Latency  |  Interval | Pipeline|
    | min | max | min | max |   Type  |
    +-----+-----+-----+-----+---------+
    |  241|  241|  241|  241|   none  |
    +-----+-----+-----+-----+---------+

    + Detail: 
        * Instance: 
        +---------------------------------+----------------------+-----+-----+-----+-----+---------+
        |                                 |                      |  Latency  |  Interval | Pipeline|
        |             Instance            |        Module        | min | max | min | max |   Type  |
        +---------------------------------+----------------------+-----+-----+-----+-----+---------+
        |grp_KeccakF1600_StatePer_fu_118  |KeccakF1600_StatePer  |   50|   50|   50|   50|   none  |
        +---------------------------------+----------------------+-----+-----+-----+-----+---------+

        * Loop: 
        +-----------------+-----+-----+----------+-----------+-----------+------+----------+
        |                 |  Latency  | Iteration|  Initiation Interval  | Trip |          |
        |    Loop Name    | min | max |  Latency |  achieved |   target  | Count| Pipelined|
        +-----------------+-----+-----+----------+-----------+-----------+------+----------+
        |- Loop 1         |  240|  240|       240|          -|          -|     1|    no    |
        | + Loop 1.1      |  187|  187|        11|          -|          -|    17|    no    |
        |  ++ Loop 1.1.1  |    8|    8|         1|          -|          -|     8|    no    |
        +-----------------+-----+-----+----------+-----------+-----------+------+----------+



================================================================
== Utilization Estimates
================================================================
* Summary: 
+-----------------+---------+-------+--------+--------+
|       Name      | BRAM_18K| DSP48E|   FF   |   LUT  |
+-----------------+---------+-------+--------+--------+
|DSP              |        -|      -|       -|       -|
|Expression       |        -|      -|       0|     311|
|FIFO             |        -|      -|       -|       -|
|Instance         |        2|      -|    3110|   16883|
|Memory           |        -|      -|       -|       -|
|Multiplexer      |        -|      -|       -|     122|
|Register         |        -|      -|      99|       -|
+-----------------+---------+-------+--------+--------+
|Total            |        2|      0|    3209|   17316|
+-----------------+---------+-------+--------+--------+
|Available        |      730|    740|  269200|  129000|
+-----------------+---------+-------+--------+--------+
|Utilization (%)  |    ~0   |      0|       1|      13|
+-----------------+---------+-------+--------+--------+

+ Detail: 
    * Instance: 
    +---------------------------------+----------------------+---------+-------+------+-------+
    |             Instance            |        Module        | BRAM_18K| DSP48E|  FF  |  LUT  |
    +---------------------------------+----------------------+---------+-------+------+-------+
    |grp_KeccakF1600_StatePer_fu_118  |KeccakF1600_StatePer  |        2|      0|  3110|  16883|
    +---------------------------------+----------------------+---------+-------+------+-------+
    |Total                            |                      |        2|      0|  3110|  16883|
    +---------------------------------+----------------------+---------+-------+------+-------+

    * DSP48: 
    N/A

    * Memory: 
    N/A

    * FIFO: 
    N/A

    * Expression: 
    +--------------------+----------+-------+---+-----+------------+------------+
    |    Variable Name   | Operation| DSP48E| FF| LUT | Bitwidth P0| Bitwidth P1|
    +--------------------+----------+-------+---+-----+------------+------------+
    |i_37_fu_132_p2      |     +    |      0|  0|   15|           5|           1|
    |i_38_fu_163_p2      |     +    |      0|  0|   13|           4|           1|
    |p_rec_fu_143_p2     |     +    |      0|  0|   15|           8|           8|
    |sum_i_fu_204_p2     |     +    |      0|  0|   32|           8|           8|
    |tmp_fu_199_p2       |     +    |      0|  0|   32|           8|           8|
    |exitcond_fu_126_p2  |   icmp   |      0|  0|   11|           5|           5|
    |tmp_i_fu_157_p2     |   icmp   |      0|  0|   11|           4|           5|
    |tmp_18_i_fu_185_p2  |   lshr   |      0|  0|  182|          64|          64|
    +--------------------+----------+-------+---+-----+------------+------------+
    |Total               |          |      0|  0|  311|         106|         100|
    +--------------------+----------+-------+---+-----+------------+------------+

    * Multiplexer: 
    +----------------+----+-----------+-----+-----------+
    |      Name      | LUT| Input Size| Bits| Total Bits|
    +----------------+----+-----------+-----+-----------+
    |ap_NS_fsm       |  38|          7|    1|          7|
    |i_i_reg_107     |   9|          2|    4|          8|
    |i_reg_95        |   9|          2|    5|         10|
    |p_0_rec_reg_83  |   9|          2|    8|         16|
    |s_address0      |  15|          3|    5|         15|
    |s_ce0           |  15|          3|    1|          3|
    |s_ce1           |   9|          2|    1|          2|
    |s_we0           |   9|          2|    1|          2|
    |s_we1           |   9|          2|    1|          2|
    +----------------+----+-----------+-----+-----------+
    |Total           | 122|         25|   27|         65|
    +----------------+----+-----------+-----+-----------+

    * Register: 
    +----------------------------------------------+----+----+-----+-----------+
    |                     Name                     | FF | LUT| Bits| Const Bits|
    +----------------------------------------------+----+----+-----+-----------+
    |ap_CS_fsm                                     |   6|   0|    6|          0|
    |grp_KeccakF1600_StatePer_fu_118_ap_start_reg  |   1|   0|    1|          0|
    |i_37_reg_218                                  |   5|   0|    5|          0|
    |i_i_reg_107                                   |   4|   0|    4|          0|
    |i_reg_95                                      |   5|   0|    5|          0|
    |p_0_rec_reg_83                                |   8|   0|    8|          0|
    |p_s_reg_70                                    |   1|   0|    1|          0|
    |s_load_reg_238                                |  64|   0|   64|          0|
    |tmp_96_reg_233                                |   5|   0|    8|          3|
    +----------------------------------------------+----+----+-----+-----------+
    |Total                                         |  99|   0|  102|          3|
    +----------------------------------------------+----+----+-----+-----------+



================================================================
== Interface
================================================================
* Summary: 
+------------+-----+-----+------------+------------------------+--------------+
|  RTL Ports | Dir | Bits|  Protocol  |      Source Object     |    C Type    |
+------------+-----+-----+------------+------------------------+--------------+
|ap_clk      |  in |    1| ap_ctrl_hs | keccak_squeezeblocks.2 | return value |
|ap_rst      |  in |    1| ap_ctrl_hs | keccak_squeezeblocks.2 | return value |
|ap_start    |  in |    1| ap_ctrl_hs | keccak_squeezeblocks.2 | return value |
|ap_done     | out |    1| ap_ctrl_hs | keccak_squeezeblocks.2 | return value |
|ap_idle     | out |    1| ap_ctrl_hs | keccak_squeezeblocks.2 | return value |
|ap_ready    | out |    1| ap_ctrl_hs | keccak_squeezeblocks.2 | return value |
|h_address0  | out |    8|  ap_memory |            h           |     array    |
|h_ce0       | out |    1|  ap_memory |            h           |     array    |
|h_we0       | out |    1|  ap_memory |            h           |     array    |
|h_d0        | out |    8|  ap_memory |            h           |     array    |
|s_address0  | out |    5|  ap_memory |            s           |     array    |
|s_ce0       | out |    1|  ap_memory |            s           |     array    |
|s_we0       | out |    1|  ap_memory |            s           |     array    |
|s_d0        | out |   64|  ap_memory |            s           |     array    |
|s_q0        |  in |   64|  ap_memory |            s           |     array    |
|s_address1  | out |    5|  ap_memory |            s           |     array    |
|s_ce1       | out |    1|  ap_memory |            s           |     array    |
|s_we1       | out |    1|  ap_memory |            s           |     array    |
|s_d1        | out |   64|  ap_memory |            s           |     array    |
|s_q1        |  in |   64|  ap_memory |            s           |     array    |
+------------+-----+-----+------------+------------------------+--------------+

============================================================
+ Verbose Summary: Synthesis Manager
============================================================
InlineROM: 1
ExposeGlobal: 1
============================================================
+ Verbose Summary: CDFG Model
============================================================
IsTopModel: 0
ResetActiveHigh: 1
IsCombinational: 2
IsDatapathOnly: 2
HasWiredReturn: 1
HasMFsm: 0
HasVarLatency: 1
IsPipeline: 0
IsRtlPipelined: 0
IsInstanceOverlapped: 0
IsDontTouch: 0
HasImplIP: 0
IsGatedGlobalClock: 0


============================================================
+ Verbose Summary: Schedule
============================================================
* Number of FSM states : 6
* Pipeline : 0
* Dataflow Pipeline: 0

* FSM state transitions: 
1 --> 
	2  / true
2 --> 
	3  / (p_s)
3 --> 
	4  / true
4 --> 
	5  / (!exitcond)
	2  / (exitcond)
5 --> 
	6  / true
6 --> 
	6  / (!tmp_i)
	4  / (tmp_i)

* FSM state operations: 

State 1 <SV = 0> <Delay = 1.35>
ST_1 : Operation 7 [1/1] (1.35ns)   --->   "br label %1" [fips202.c:414]   --->   Operation 7 'br' <Predicate = true> <Delay = 1.35>

State 2 <SV = 1> <Delay = 0.00>
ST_2 : Operation 8 [1/1] (0.00ns)   --->   "%p_s = phi i1 [ true, %0 ], [ false, %6 ]"   --->   Operation 8 'phi' 'p_s' <Predicate = true> <Delay = 0.00>
ST_2 : Operation 9 [1/1] (0.00ns)   --->   "%p_0_rec = phi i8 [ 0, %0 ], [ %p_rec, %6 ]" [fips202.c:419]   --->   Operation 9 'phi' 'p_0_rec' <Predicate = true> <Delay = 0.00>
ST_2 : Operation 10 [1/1] (0.00ns)   --->   "%empty = call i32 (...)* @_ssdm_op_SpecLoopTripCount(i64 1, i64 1, i64 1)"   --->   Operation 10 'speclooptripcount' 'empty' <Predicate = true> <Delay = 0.00>
ST_2 : Operation 11 [1/1] (0.00ns)   --->   "br i1 %p_s, label %2, label %7" [fips202.c:414]   --->   Operation 11 'br' <Predicate = true> <Delay = 0.00>
ST_2 : Operation 12 [2/2] (0.00ns)   --->   "call fastcc void @KeccakF1600_StatePer([25 x i64]* %s)" [fips202.c:415]   --->   Operation 12 'call' <Predicate = (p_s)> <Delay = 0.00> <CoreType = "Generic">   --->   Core 0 '' <Latency = 0> <II = 1> <Delay = 1.00> <Generic> <Opcode : >
ST_2 : Operation 13 [1/1] (0.00ns)   --->   "ret void" [fips202.c:422]   --->   Operation 13 'ret' <Predicate = (!p_s)> <Delay = 0.00>

State 3 <SV = 2> <Delay = 1.35>
ST_3 : Operation 14 [1/2] (0.00ns)   --->   "call fastcc void @KeccakF1600_StatePer([25 x i64]* %s)" [fips202.c:415]   --->   Operation 14 'call' <Predicate = true> <Delay = 0.00> <CoreType = "Generic">   --->   Core 0 '' <Latency = 0> <II = 1> <Delay = 1.00> <Generic> <Opcode : >
ST_3 : Operation 15 [1/1] (1.35ns)   --->   "br label %store64.2.exit" [fips202.c:416]   --->   Operation 15 'br' <Predicate = true> <Delay = 1.35>

State 4 <SV = 3> <Delay = 2.77>
ST_4 : Operation 16 [1/1] (0.00ns)   --->   "%i = phi i5 [ 0, %2 ], [ %i_37, %store64.2.exit.loopexit ]"   --->   Operation 16 'phi' 'i' <Predicate = true> <Delay = 0.00>
ST_4 : Operation 17 [1/1] (0.00ns)   --->   "%empty_57 = call i32 (...)* @_ssdm_op_SpecLoopTripCount(i64 17, i64 17, i64 17)"   --->   Operation 17 'speclooptripcount' 'empty_57' <Predicate = true> <Delay = 0.00>
ST_4 : Operation 18 [1/1] (1.21ns)   --->   "%exitcond = icmp eq i5 %i, -15" [fips202.c:416]   --->   Operation 18 'icmp' 'exitcond' <Predicate = true> <Delay = 1.21> <Core = "Cmp">   --->   Core 25 'Cmp' <Latency = 0> <II = 1> <Delay = 1.21> <FuncUnit> <Opcode : 'icmp'> <InPorts = 2> <OutPorts = 1>
ST_4 : Operation 19 [1/1] (1.54ns)   --->   "%i_37 = add i5 %i, 1" [fips202.c:416]   --->   Operation 19 'add' 'i_37' <Predicate = true> <Delay = 1.54> <Core = "AddSub">   --->   Core 14 'AddSub' <Latency = 0> <II = 1> <Delay = 1.71> <FuncUnit> <Opcode : 'add' 'sub'> <InPorts = 2> <OutPorts = 1>
ST_4 : Operation 20 [1/1] (0.00ns)   --->   "br i1 %exitcond, label %6, label %3" [fips202.c:416]   --->   Operation 20 'br' <Predicate = true> <Delay = 0.00>
ST_4 : Operation 21 [1/1] (0.00ns)   --->   "%tmp_s = zext i5 %i to i64" [fips202.c:417]   --->   Operation 21 'zext' 'tmp_s' <Predicate = (!exitcond)> <Delay = 0.00>
ST_4 : Operation 22 [1/1] (0.00ns)   --->   "%s_addr = getelementptr [25 x i64]* %s, i64 0, i64 %tmp_s" [fips202.c:417]   --->   Operation 22 'getelementptr' 's_addr' <Predicate = (!exitcond)> <Delay = 0.00>
ST_4 : Operation 23 [2/2] (2.77ns)   --->   "%s_load = load i64* %s_addr, align 8" [fips202.c:417]   --->   Operation 23 'load' 's_load' <Predicate = (!exitcond)> <Delay = 2.77> <Core = "RAM">   --->   Core 37 'RAM' <Latency = 1> <II = 1> <Delay = 2.77> <Storage> <Opcode : 'load' 'store'> <Ports = 2> <Width = 8> <Depth = 200> <RAM>
ST_4 : Operation 24 [1/1] (1.71ns)   --->   "%p_rec = add i8 %p_0_rec, -120" [fips202.c:419]   --->   Operation 24 'add' 'p_rec' <Predicate = (exitcond)> <Delay = 1.71> <Core = "AddSub">   --->   Core 14 'AddSub' <Latency = 0> <II = 1> <Delay = 1.71> <FuncUnit> <Opcode : 'add' 'sub'> <InPorts = 2> <OutPorts = 1>
ST_4 : Operation 25 [1/1] (0.00ns)   --->   "br label %1" [fips202.c:421]   --->   Operation 25 'br' <Predicate = (exitcond)> <Delay = 0.00>

State 5 <SV = 4> <Delay = 2.77>
ST_5 : Operation 26 [1/1] (0.00ns)   --->   "%tmp_96 = call i8 @_ssdm_op_BitConcatenate.i8.i5.i3(i5 %i, i3 0)" [fips202.c:417]   --->   Operation 26 'bitconcatenate' 'tmp_96' <Predicate = true> <Delay = 0.00>
ST_5 : Operation 27 [1/2] (2.77ns)   --->   "%s_load = load i64* %s_addr, align 8" [fips202.c:417]   --->   Operation 27 'load' 's_load' <Predicate = true> <Delay = 2.77> <Core = "RAM">   --->   Core 37 'RAM' <Latency = 1> <II = 1> <Delay = 2.77> <Storage> <Opcode : 'load' 'store'> <Ports = 2> <Width = 8> <Depth = 200> <RAM>
ST_5 : Operation 28 [1/1] (1.35ns)   --->   "br label %4" [fips202.c:45->fips202.c:417]   --->   Operation 28 'br' <Predicate = true> <Delay = 1.35>

State 6 <SV = 5> <Delay = 6.24>
ST_6 : Operation 29 [1/1] (0.00ns)   --->   "%i_i = phi i4 [ 0, %3 ], [ %i_38, %5 ]"   --->   Operation 29 'phi' 'i_i' <Predicate = true> <Delay = 0.00>
ST_6 : Operation 30 [1/1] (1.21ns)   --->   "%tmp_i = icmp eq i4 %i_i, -8" [fips202.c:45->fips202.c:417]   --->   Operation 30 'icmp' 'tmp_i' <Predicate = true> <Delay = 1.21> <Core = "Cmp">   --->   Core 25 'Cmp' <Latency = 0> <II = 1> <Delay = 1.21> <FuncUnit> <Opcode : 'icmp'> <InPorts = 2> <OutPorts = 1>
ST_6 : Operation 31 [1/1] (0.00ns)   --->   "%empty_58 = call i32 (...)* @_ssdm_op_SpecLoopTripCount(i64 8, i64 8, i64 8)"   --->   Operation 31 'speclooptripcount' 'empty_58' <Predicate = true> <Delay = 0.00>
ST_6 : Operation 32 [1/1] (1.49ns)   --->   "%i_38 = add i4 %i_i, 1" [fips202.c:45->fips202.c:417]   --->   Operation 32 'add' 'i_38' <Predicate = true> <Delay = 1.49> <Core = "AddSub">   --->   Core 14 'AddSub' <Latency = 0> <II = 1> <Delay = 1.71> <FuncUnit> <Opcode : 'add' 'sub'> <InPorts = 2> <OutPorts = 1>
ST_6 : Operation 33 [1/1] (0.00ns)   --->   "br i1 %tmp_i, label %store64.2.exit.loopexit, label %5" [fips202.c:45->fips202.c:417]   --->   Operation 33 'br' <Predicate = true> <Delay = 0.00>
ST_6 : Operation 34 [1/1] (0.00ns)   --->   "%tmp_127 = trunc i4 %i_i to i3" [fips202.c:45->fips202.c:417]   --->   Operation 34 'trunc' 'tmp_127' <Predicate = (!tmp_i)> <Delay = 0.00>
ST_6 : Operation 35 [1/1] (0.00ns)   --->   "%tmp_i_59 = call i6 @_ssdm_op_BitConcatenate.i6.i3.i3(i3 %tmp_127, i3 0)" [fips202.c:46->fips202.c:417]   --->   Operation 35 'bitconcatenate' 'tmp_i_59' <Predicate = (!tmp_i)> <Delay = 0.00>
ST_6 : Operation 36 [1/1] (0.00ns)   --->   "%tmp_17_i = zext i6 %tmp_i_59 to i64" [fips202.c:46->fips202.c:417]   --->   Operation 36 'zext' 'tmp_17_i' <Predicate = (!tmp_i)> <Delay = 0.00>
ST_6 : Operation 37 [1/1] (3.47ns)   --->   "%tmp_18_i = lshr i64 %s_load, %tmp_17_i" [fips202.c:46->fips202.c:417]   --->   Operation 37 'lshr' 'tmp_18_i' <Predicate = (!tmp_i)> <Delay = 3.47> <Core = "Shift">   --->   Core 28 'Shift' <Latency = 0> <II = 1> <Delay = 3.47> <FuncUnit> <Opcode : 'shl' 'lshr' 'ashr'> <InPorts = 2> <OutPorts = 1>
ST_6 : Operation 38 [1/1] (0.00ns)   --->   "%tmp_128 = trunc i64 %tmp_18_i to i8" [fips202.c:46->fips202.c:417]   --->   Operation 38 'trunc' 'tmp_128' <Predicate = (!tmp_i)> <Delay = 0.00>
ST_6 : Operation 39 [1/1] (0.00ns)   --->   "%tmp_20_i_cast = zext i4 %i_i to i8" [fips202.c:45->fips202.c:417]   --->   Operation 39 'zext' 'tmp_20_i_cast' <Predicate = (!tmp_i)> <Delay = 0.00>
ST_6 : Operation 40 [1/1] (0.00ns) (grouped into TernaryAdder)   --->   "%tmp = add i8 %tmp_20_i_cast, %tmp_96" [fips202.c:45->fips202.c:417]   --->   Operation 40 'add' 'tmp' <Predicate = (!tmp_i)> <Delay = 0.00> <Core = "TAddSub">   --->   Core 80 'TAddSub' <Latency = 0> <II = 1> <Delay = 1.85> <IPBlock> <Opcode : 'add' 'sub'> <InPorts = 3> <OutPorts = 1> <Sync> <CReg>
ST_6 : Operation 41 [1/1] (3.02ns) (root node of TernaryAdder)   --->   "%sum_i = add i8 %p_0_rec, %tmp" [fips202.c:419]   --->   Operation 41 'add' 'sum_i' <Predicate = (!tmp_i)> <Delay = 3.02> <Core = "TAddSub">   --->   Core 80 'TAddSub' <Latency = 0> <II = 1> <Delay = 1.85> <IPBlock> <Opcode : 'add' 'sub'> <InPorts = 3> <OutPorts = 1> <Sync> <CReg>
ST_6 : Operation 42 [1/1] (0.00ns)   --->   "%sum_i_cast = zext i8 %sum_i to i64" [fips202.c:419]   --->   Operation 42 'zext' 'sum_i_cast' <Predicate = (!tmp_i)> <Delay = 0.00>
ST_6 : Operation 43 [1/1] (0.00ns)   --->   "%h_addr = getelementptr [136 x i8]* %h, i64 0, i64 %sum_i_cast" [fips202.c:46->fips202.c:417]   --->   Operation 43 'getelementptr' 'h_addr' <Predicate = (!tmp_i)> <Delay = 0.00>
ST_6 : Operation 44 [1/1] (2.77ns)   --->   "store i8 %tmp_128, i8* %h_addr, align 1" [fips202.c:46->fips202.c:417]   --->   Operation 44 'store' <Predicate = (!tmp_i)> <Delay = 2.77> <Core = "RAM">   --->   Core 37 'RAM' <Latency = 1> <II = 1> <Delay = 2.77> <Storage> <Opcode : 'load' 'store'> <Ports = 2> <Width = 8> <Depth = 200> <RAM>
ST_6 : Operation 45 [1/1] (0.00ns)   --->   "br label %4" [fips202.c:45->fips202.c:417]   --->   Operation 45 'br' <Predicate = (!tmp_i)> <Delay = 0.00>
ST_6 : Operation 46 [1/1] (0.00ns)   --->   "br label %store64.2.exit"   --->   Operation 46 'br' <Predicate = (tmp_i)> <Delay = 0.00>


============================================================
+ Verbose Summary: Binding
============================================================
STG Binding: 
---------------- STG Properties BEGIN ----------------
- Is combinational: 0
- Is one-state seq: 0
- Is datapath-only: 0
- Is pipelined: 0
- Is top level: 0
Port [ Return ] is wired: 1; IO mode=ap_ctrl_hs:ce=0
Port [ h]:  wired=1; compound=1; hidden=0; nouse=0; global=0; static=0; extern=0; dir=1; type=1; pingpong=0; private_global=0; MemPort=[03]; IO mode=ap_memory:ce=0
Port [ s]:  wired=1; compound=1; hidden=0; nouse=0; global=0; static=0; extern=0; dir=2; type=1; pingpong=0; private_global=0; MemPort=[22]; IO mode=ap_memory:ce=0
Port [ KeccakF_RoundConstan]:  wired=0; compound=1; hidden=1; nouse=1; global=1; static=1; extern=0; dir=0; type=1; pingpong=0; private_global=0; linkage=7; visibility=0; MemPort=[11]; IO mode=ap_memory:ce=0
---------------- STG Properties END ------------------

---------------- Datapath Model BEGIN ----------------

<LifeTime>
<method=bitvector/>
StgValue_7    (br               ) [ 0111111]
p_s           (phi              ) [ 0011111]
p_0_rec       (phi              ) [ 0011111]
empty         (speclooptripcount) [ 0000000]
StgValue_11   (br               ) [ 0000000]
StgValue_13   (ret              ) [ 0000000]
StgValue_14   (call             ) [ 0000000]
StgValue_15   (br               ) [ 0011111]
i             (phi              ) [ 0000110]
empty_57      (speclooptripcount) [ 0000000]
exitcond      (icmp             ) [ 0011111]
i_37          (add              ) [ 0011111]
StgValue_20   (br               ) [ 0000000]
tmp_s         (zext             ) [ 0000000]
s_addr        (getelementptr    ) [ 0000010]
p_rec         (add              ) [ 0111111]
StgValue_25   (br               ) [ 0111111]
tmp_96        (bitconcatenate   ) [ 0000001]
s_load        (load             ) [ 0000001]
StgValue_28   (br               ) [ 0011111]
i_i           (phi              ) [ 0000001]
tmp_i         (icmp             ) [ 0011111]
empty_58      (speclooptripcount) [ 0000000]
i_38          (add              ) [ 0011111]
StgValue_33   (br               ) [ 0000000]
tmp_127       (trunc            ) [ 0000000]
tmp_i_59      (bitconcatenate   ) [ 0000000]
tmp_17_i      (zext             ) [ 0000000]
tmp_18_i      (lshr             ) [ 0000000]
tmp_128       (trunc            ) [ 0000000]
tmp_20_i_cast (zext             ) [ 0000000]
tmp           (add              ) [ 0000000]
sum_i         (add              ) [ 0000000]
sum_i_cast    (zext             ) [ 0000000]
h_addr        (getelementptr    ) [ 0000000]
StgValue_44   (store            ) [ 0000000]
StgValue_45   (br               ) [ 0011111]
StgValue_46   (br               ) [ 0011111]
</LifeTime>

<model>

<comp_list>
<comp id="0" class="1000" name="h">
<pin_list>
<pin id="1" dir="1" index="0" bw="1" slack="0"/>
</pin_list>
<bind>
<StgValue><ssdm name="h"/><MemPortTyVec>0 3 </MemPortTyVec>
</StgValue>
</bind>
</comp>

<comp id="2" class="1000" name="s">
<pin_list>
<pin id="3" dir="1" index="0" bw="1" slack="0"/>
</pin_list>
<bind>
<StgValue><ssdm name="s"/><MemPortTyVec>2 2 </MemPortTyVec>
</StgValue>
</bind>
</comp>

<comp id="4" class="1000" name="KeccakF_RoundConstan">
<pin_list>
<pin id="5" dir="1" index="0" bw="1" slack="0"/>
</pin_list>
<bind>
<StgValue><ssdm name="KeccakF_RoundConstan"/><MemPortTyVec>1 1 </MemPortTyVec>
</StgValue>
</bind>
</comp>

<comp id="6" class="1001" name="const_6">
<pin_list>
<pin id="7" dir="1" index="0" bw="1" slack="1"/>
</pin_list>
<bind>
<StgValue><ssdm name=""/></StgValue>
</bind>
</comp>

<comp id="8" class="1001" name="const_8">
<pin_list>
<pin id="9" dir="1" index="0" bw="1" slack="1"/>
</pin_list>
<bind>
<StgValue><ssdm name=""/></StgValue>
</bind>
</comp>

<comp id="10" class="1001" name="const_10">
<pin_list>
<pin id="11" dir="1" index="0" bw="1" slack="1"/>
</pin_list>
<bind>
<StgValue><ssdm name=""/></StgValue>
</bind>
</comp>

<comp id="12" class="1001" name="const_12">
<pin_list>
<pin id="13" dir="1" index="0" bw="1" slack="2147483647"/>
</pin_list>
<bind>
<StgValue><ssdm name="_ssdm_op_SpecLoopTripCount"/></StgValue>
</bind>
</comp>

<comp id="14" class="1001" name="const_14">
<pin_list>
<pin id="15" dir="1" index="0" bw="1" slack="2147483647"/>
</pin_list>
<bind>
<StgValue><ssdm name=""/></StgValue>
</bind>
</comp>

<comp id="16" class="1001" name="const_16">
<pin_list>
<pin id="17" dir="1" index="0" bw="1" slack="0"/>
</pin_list>
<bind>
<StgValue><ssdm name="KeccakF1600_StatePer"/></StgValue>
</bind>
</comp>

<comp id="18" class="1001" name="const_18">
<pin_list>
<pin id="19" dir="1" index="0" bw="1" slack="1"/>
</pin_list>
<bind>
<StgValue><ssdm name=""/></StgValue>
</bind>
</comp>

<comp id="20" class="1001" name="const_20">
<pin_list>
<pin id="21" dir="1" index="0" bw="1" slack="2147483647"/>
</pin_list>
<bind>
<StgValue><ssdm name=""/></StgValue>
</bind>
</comp>

<comp id="22" class="1001" name="const_22">
<pin_list>
<pin id="23" dir="1" index="0" bw="1" slack="0"/>
</pin_list>
<bind>
<StgValue><ssdm name=""/></StgValue>
</bind>
</comp>

<comp id="24" class="1001" name="const_24">
<pin_list>
<pin id="25" dir="1" index="0" bw="1" slack="0"/>
</pin_list>
<bind>
<StgValue><ssdm name=""/></StgValue>
</bind>
</comp>

<comp id="26" class="1001" name="const_26">
<pin_list>
<pin id="27" dir="1" index="0" bw="1" slack="0"/>
</pin_list>
<bind>
<StgValue><ssdm name=""/></StgValue>
</bind>
</comp>

<comp id="28" class="1001" name="const_28">
<pin_list>
<pin id="29" dir="1" index="0" bw="1" slack="0"/>
</pin_list>
<bind>
<StgValue><ssdm name=""/></StgValue>
</bind>
</comp>

<comp id="30" class="1001" name="const_30">
<pin_list>
<pin id="31" dir="1" index="0" bw="1" slack="0"/>
</pin_list>
<bind>
<StgValue><ssdm name="_ssdm_op_BitConcatenate.i8.i5.i3"/></StgValue>
</bind>
</comp>

<comp id="32" class="1001" name="const_32">
<pin_list>
<pin id="33" dir="1" index="0" bw="1" slack="0"/>
</pin_list>
<bind>
<StgValue><ssdm name=""/></StgValue>
</bind>
</comp>

<comp id="34" class="1001" name="const_34">
<pin_list>
<pin id="35" dir="1" index="0" bw="1" slack="1"/>
</pin_list>
<bind>
<StgValue><ssdm name=""/></StgValue>
</bind>
</comp>

<comp id="36" class="1001" name="const_36">
<pin_list>
<pin id="37" dir="1" index="0" bw="1" slack="0"/>
</pin_list>
<bind>
<StgValue><ssdm name=""/></StgValue>
</bind>
</comp>

<comp id="38" class="1001" name="const_38">
<pin_list>
<pin id="39" dir="1" index="0" bw="1" slack="2147483647"/>
</pin_list>
<bind>
<StgValue><ssdm name=""/></StgValue>
</bind>
</comp>

<comp id="40" class="1001" name="const_40">
<pin_list>
<pin id="41" dir="1" index="0" bw="1" slack="0"/>
</pin_list>
<bind>
<StgValue><ssdm name=""/></StgValue>
</bind>
</comp>

<comp id="42" class="1001" name="const_42">
<pin_list>
<pin id="43" dir="1" index="0" bw="1" slack="0"/>
</pin_list>
<bind>
<StgValue><ssdm name="_ssdm_op_BitConcatenate.i6.i3.i3"/></StgValue>
</bind>
</comp>

<comp id="44" class="1004" name="s_addr_gep_fu_44">
<pin_list>
<pin id="45" dir="0" index="0" bw="64" slack="0"/>
<pin id="46" dir="0" index="1" bw="1" slack="0"/>
<pin id="47" dir="0" index="2" bw="5" slack="0"/>
<pin id="48" dir="1" index="3" bw="5" slack="0"/>
</pin_list>
<bind>
<opcode="getelementptr(29) " fcode="getelementptr"/>
<opset="s_addr/4 "/>
</bind>
</comp>

<comp id="51" class="1004" name="grp_access_fu_51">
<pin_list>
<pin id="52" dir="0" index="0" bw="5" slack="0"/>
<pin id="53" dir="0" index="1" bw="64" slack="2147483647"/>
<pin id="54" dir="0" index="2" bw="0" slack="2147483647"/>
<pin id="55" dir="1" index="3" bw="64" slack="1"/>
</pin_list>
<bind>
<opcode="load(27) " fcode="load"/>
<opset="s_load/4 "/>
</bind>
</comp>

<comp id="57" class="1004" name="h_addr_gep_fu_57">
<pin_list>
<pin id="58" dir="0" index="0" bw="8" slack="0"/>
<pin id="59" dir="0" index="1" bw="1" slack="0"/>
<pin id="60" dir="0" index="2" bw="8" slack="0"/>
<pin id="61" dir="1" index="3" bw="8" slack="0"/>
</pin_list>
<bind>
<opcode="getelementptr(29) " fcode="getelementptr"/>
<opset="h_addr/6 "/>
</bind>
</comp>

<comp id="64" class="1004" name="StgValue_44_access_fu_64">
<pin_list>
<pin id="65" dir="0" index="0" bw="8" slack="0"/>
<pin id="66" dir="0" index="1" bw="8" slack="0"/>
<pin id="67" dir="0" index="2" bw="0" slack="2147483647"/>
<pin id="68" dir="1" index="3" bw="8" slack="2147483647"/>
</pin_list>
<bind>
<opcode="store(28) " fcode="store"/>
<opset="StgValue_44/6 "/>
</bind>
</comp>

<comp id="70" class="1005" name="p_s_reg_70">
<pin_list>
<pin id="71" dir="0" index="0" bw="1" slack="1"/>
<pin id="72" dir="1" index="1" bw="1" slack="1"/>
</pin_list>
<bind>
<opset="p_s (phireg) "/>
</bind>
</comp>

<comp id="75" class="1004" name="p_s_phi_fu_75">
<pin_list>
<pin id="76" dir="0" index="0" bw="1" slack="1"/>
<pin id="77" dir="0" index="1" bw="0" slack="2147483647"/>
<pin id="78" dir="0" index="2" bw="1" slack="1"/>
<pin id="79" dir="0" index="3" bw="0" slack="2147483647"/>
<pin id="80" dir="1" index="4" bw="1" slack="2147483647"/>
</pin_list>
<bind>
<opcode="phi(47) " fcode="phi"/>
<opset="p_s/2 "/>
</bind>
</comp>

<comp id="83" class="1005" name="p_0_rec_reg_83">
<pin_list>
<pin id="84" dir="0" index="0" bw="8" slack="1"/>
<pin id="85" dir="1" index="1" bw="8" slack="1"/>
</pin_list>
<bind>
<opset="p_0_rec (phireg) "/>
</bind>
</comp>

<comp id="87" class="1004" name="p_0_rec_phi_fu_87">
<pin_list>
<pin id="88" dir="0" index="0" bw="1" slack="1"/>
<pin id="89" dir="0" index="1" bw="0" slack="2147483647"/>
<pin id="90" dir="0" index="2" bw="8" slack="1"/>
<pin id="91" dir="0" index="3" bw="0" slack="2147483647"/>
<pin id="92" dir="1" index="4" bw="8" slack="2"/>
</pin_list>
<bind>
<opcode="phi(47) " fcode="phi"/>
<opset="p_0_rec/2 "/>
</bind>
</comp>

<comp id="95" class="1005" name="i_reg_95">
<pin_list>
<pin id="96" dir="0" index="0" bw="5" slack="1"/>
<pin id="97" dir="1" index="1" bw="5" slack="1"/>
</pin_list>
<bind>
<opset="i (phireg) "/>
</bind>
</comp>

<comp id="99" class="1004" name="i_phi_fu_99">
<pin_list>
<pin id="100" dir="0" index="0" bw="1" slack="1"/>
<pin id="101" dir="0" index="1" bw="0" slack="2147483647"/>
<pin id="102" dir="0" index="2" bw="5" slack="0"/>
<pin id="103" dir="0" index="3" bw="0" slack="2147483647"/>
<pin id="104" dir="1" index="4" bw="5" slack="0"/>
</pin_list>
<bind>
<opcode="phi(47) " fcode="phi"/>
<opset="i/4 "/>
</bind>
</comp>

<comp id="107" class="1005" name="i_i_reg_107">
<pin_list>
<pin id="108" dir="0" index="0" bw="4" slack="1"/>
<pin id="109" dir="1" index="1" bw="4" slack="1"/>
</pin_list>
<bind>
<opset="i_i (phireg) "/>
</bind>
</comp>

<comp id="111" class="1004" name="i_i_phi_fu_111">
<pin_list>
<pin id="112" dir="0" index="0" bw="1" slack="1"/>
<pin id="113" dir="0" index="1" bw="0" slack="2147483647"/>
<pin id="114" dir="0" index="2" bw="4" slack="0"/>
<pin id="115" dir="0" index="3" bw="0" slack="2147483647"/>
<pin id="116" dir="1" index="4" bw="4" slack="0"/>
</pin_list>
<bind>
<opcode="phi(47) " fcode="phi"/>
<opset="i_i/6 "/>
</bind>
</comp>

<comp id="118" class="1004" name="grp_KeccakF1600_StatePer_fu_118">
<pin_list>
<pin id="119" dir="0" index="0" bw="0" slack="0"/>
<pin id="120" dir="0" index="1" bw="64" slack="0"/>
<pin id="121" dir="0" index="2" bw="64" slack="0"/>
<pin id="122" dir="1" index="3" bw="0" slack="2147483647"/>
</pin_list>
<bind>
<opcode="call(48) " fcode="call"/>
<opset="StgValue_12/2 "/>
</bind>
</comp>

<comp id="126" class="1004" name="exitcond_fu_126">
<pin_list>
<pin id="127" dir="0" index="0" bw="5" slack="0"/>
<pin id="128" dir="0" index="1" bw="5" slack="0"/>
<pin id="129" dir="1" index="2" bw="1" slack="2147483647"/>
</pin_list>
<bind>
<opcode="icmp(45) " fcode="icmp"/>
<opset="exitcond/4 "/>
</bind>
</comp>

<comp id="132" class="1004" name="i_37_fu_132">
<pin_list>
<pin id="133" dir="0" index="0" bw="5" slack="0"/>
<pin id="134" dir="0" index="1" bw="1" slack="0"/>
<pin id="135" dir="1" index="2" bw="5" slack="0"/>
</pin_list>
<bind>
<opcode="add(8) " fcode="add"/>
<opset="i_37/4 "/>
</bind>
</comp>

<comp id="138" class="1004" name="tmp_s_fu_138">
<pin_list>
<pin id="139" dir="0" index="0" bw="5" slack="0"/>
<pin id="140" dir="1" index="1" bw="64" slack="0"/>
</pin_list>
<bind>
<opcode="zext(34) " fcode="zext"/>
<opset="tmp_s/4 "/>
</bind>
</comp>

<comp id="143" class="1004" name="p_rec_fu_143">
<pin_list>
<pin id="144" dir="0" index="0" bw="8" slack="2"/>
<pin id="145" dir="0" index="1" bw="8" slack="0"/>
<pin id="146" dir="1" index="2" bw="8" slack="1"/>
</pin_list>
<bind>
<opcode="add(8) " fcode="add"/>
<opset="p_rec/4 "/>
</bind>
</comp>

<comp id="149" class="1004" name="tmp_96_fu_149">
<pin_list>
<pin id="150" dir="0" index="0" bw="8" slack="0"/>
<pin id="151" dir="0" index="1" bw="5" slack="1"/>
<pin id="152" dir="0" index="2" bw="1" slack="0"/>
<pin id="153" dir="1" index="3" bw="8" slack="1"/>
</pin_list>
<bind>
<opcode="bitconcatenate(1004) " fcode="bitconcatenate"/>
<opset="tmp_96/5 "/>
</bind>
</comp>

<comp id="157" class="1004" name="tmp_i_fu_157">
<pin_list>
<pin id="158" dir="0" index="0" bw="4" slack="0"/>
<pin id="159" dir="0" index="1" bw="4" slack="0"/>
<pin id="160" dir="1" index="2" bw="1" slack="2147483647"/>
</pin_list>
<bind>
<opcode="icmp(45) " fcode="icmp"/>
<opset="tmp_i/6 "/>
</bind>
</comp>

<comp id="163" class="1004" name="i_38_fu_163">
<pin_list>
<pin id="164" dir="0" index="0" bw="4" slack="0"/>
<pin id="165" dir="0" index="1" bw="1" slack="0"/>
<pin id="166" dir="1" index="2" bw="4" slack="0"/>
</pin_list>
<bind>
<opcode="add(8) " fcode="add"/>
<opset="i_38/6 "/>
</bind>
</comp>

<comp id="169" class="1004" name="tmp_127_fu_169">
<pin_list>
<pin id="170" dir="0" index="0" bw="4" slack="0"/>
<pin id="171" dir="1" index="1" bw="3" slack="0"/>
</pin_list>
<bind>
<opcode="trunc(33) " fcode="trunc"/>
<opset="tmp_127/6 "/>
</bind>
</comp>

<comp id="173" class="1004" name="tmp_i_59_fu_173">
<pin_list>
<pin id="174" dir="0" index="0" bw="6" slack="0"/>
<pin id="175" dir="0" index="1" bw="3" slack="0"/>
<pin id="176" dir="0" index="2" bw="1" slack="0"/>
<pin id="177" dir="1" index="3" bw="6" slack="0"/>
</pin_list>
<bind>
<opcode="bitconcatenate(1004) " fcode="bitconcatenate"/>
<opset="tmp_i_59/6 "/>
</bind>
</comp>

<comp id="181" class="1004" name="tmp_17_i_fu_181">
<pin_list>
<pin id="182" dir="0" index="0" bw="6" slack="0"/>
<pin id="183" dir="1" index="1" bw="64" slack="0"/>
</pin_list>
<bind>
<opcode="zext(34) " fcode="zext"/>
<opset="tmp_17_i/6 "/>
</bind>
</comp>

<comp id="185" class="1004" name="tmp_18_i_fu_185">
<pin_list>
<pin id="186" dir="0" index="0" bw="64" slack="1"/>
<pin id="187" dir="0" index="1" bw="6" slack="0"/>
<pin id="188" dir="1" index="2" bw="64" slack="0"/>
</pin_list>
<bind>
<opcode="lshr(21) " fcode="lshr"/>
<opset="tmp_18_i/6 "/>
</bind>
</comp>

<comp id="190" class="1004" name="tmp_128_fu_190">
<pin_list>
<pin id="191" dir="0" index="0" bw="64" slack="0"/>
<pin id="192" dir="1" index="1" bw="8" slack="0"/>
</pin_list>
<bind>
<opcode="trunc(33) " fcode="trunc"/>
<opset="tmp_128/6 "/>
</bind>
</comp>

<comp id="195" class="1004" name="tmp_20_i_cast_fu_195">
<pin_list>
<pin id="196" dir="0" index="0" bw="4" slack="0"/>
<pin id="197" dir="1" index="1" bw="8" slack="0"/>
</pin_list>
<bind>
<opcode="zext(34) " fcode="zext"/>
<opset="tmp_20_i_cast/6 "/>
</bind>
</comp>

<comp id="199" class="1004" name="tmp_fu_199">
<pin_list>
<pin id="200" dir="0" index="0" bw="4" slack="0"/>
<pin id="201" dir="0" index="1" bw="8" slack="1"/>
<pin id="202" dir="1" index="2" bw="8" slack="0"/>
</pin_list>
<bind>
<opcode="add(8) " fcode="add"/>
<opset="tmp/6 "/>
</bind>
</comp>

<comp id="204" class="1004" name="sum_i_fu_204">
<pin_list>
<pin id="205" dir="0" index="0" bw="8" slack="4"/>
<pin id="206" dir="0" index="1" bw="8" slack="0"/>
<pin id="207" dir="1" index="2" bw="8" slack="0"/>
</pin_list>
<bind>
<opcode="add(8) " fcode="add"/>
<opset="sum_i/6 "/>
</bind>
</comp>

<comp id="210" class="1004" name="sum_i_cast_fu_210">
<pin_list>
<pin id="211" dir="0" index="0" bw="8" slack="0"/>
<pin id="212" dir="1" index="1" bw="64" slack="0"/>
</pin_list>
<bind>
<opcode="zext(34) " fcode="zext"/>
<opset="sum_i_cast/6 "/>
</bind>
</comp>

<comp id="218" class="1005" name="i_37_reg_218">
<pin_list>
<pin id="219" dir="0" index="0" bw="5" slack="0"/>
<pin id="220" dir="1" index="1" bw="5" slack="0"/>
</pin_list>
<bind>
<opset="i_37 "/>
</bind>
</comp>

<comp id="223" class="1005" name="s_addr_reg_223">
<pin_list>
<pin id="224" dir="0" index="0" bw="5" slack="1"/>
<pin id="225" dir="1" index="1" bw="5" slack="1"/>
</pin_list>
<bind>
<opset="s_addr "/>
</bind>
</comp>

<comp id="228" class="1005" name="p_rec_reg_228">
<pin_list>
<pin id="229" dir="0" index="0" bw="8" slack="1"/>
<pin id="230" dir="1" index="1" bw="8" slack="1"/>
</pin_list>
<bind>
<opset="p_rec "/>
</bind>
</comp>

<comp id="233" class="1005" name="tmp_96_reg_233">
<pin_list>
<pin id="234" dir="0" index="0" bw="8" slack="1"/>
<pin id="235" dir="1" index="1" bw="8" slack="1"/>
</pin_list>
<bind>
<opset="tmp_96 "/>
</bind>
</comp>

<comp id="238" class="1005" name="s_load_reg_238">
<pin_list>
<pin id="239" dir="0" index="0" bw="64" slack="1"/>
<pin id="240" dir="1" index="1" bw="64" slack="1"/>
</pin_list>
<bind>
<opset="s_load "/>
</bind>
</comp>

<comp id="246" class="1005" name="i_38_reg_246">
<pin_list>
<pin id="247" dir="0" index="0" bw="4" slack="0"/>
<pin id="248" dir="1" index="1" bw="4" slack="0"/>
</pin_list>
<bind>
<opset="i_38 "/>
</bind>
</comp>

</comp_list>

<net_list>
<net id="49"><net_src comp="2" pin="0"/><net_sink comp="44" pin=0"/></net>

<net id="50"><net_src comp="26" pin="0"/><net_sink comp="44" pin=1"/></net>

<net id="56"><net_src comp="44" pin="3"/><net_sink comp="51" pin=0"/></net>

<net id="62"><net_src comp="0" pin="0"/><net_sink comp="57" pin=0"/></net>

<net id="63"><net_src comp="26" pin="0"/><net_sink comp="57" pin=1"/></net>

<net id="69"><net_src comp="57" pin="3"/><net_sink comp="64" pin=0"/></net>

<net id="73"><net_src comp="6" pin="0"/><net_sink comp="70" pin=0"/></net>

<net id="74"><net_src comp="8" pin="0"/><net_sink comp="70" pin=0"/></net>

<net id="81"><net_src comp="70" pin="1"/><net_sink comp="75" pin=0"/></net>

<net id="82"><net_src comp="70" pin="1"/><net_sink comp="75" pin=2"/></net>

<net id="86"><net_src comp="10" pin="0"/><net_sink comp="83" pin=0"/></net>

<net id="93"><net_src comp="83" pin="1"/><net_sink comp="87" pin=0"/></net>

<net id="94"><net_src comp="87" pin="4"/><net_sink comp="83" pin=0"/></net>

<net id="98"><net_src comp="18" pin="0"/><net_sink comp="95" pin=0"/></net>

<net id="105"><net_src comp="95" pin="1"/><net_sink comp="99" pin=0"/></net>

<net id="106"><net_src comp="99" pin="4"/><net_sink comp="95" pin=0"/></net>

<net id="110"><net_src comp="34" pin="0"/><net_sink comp="107" pin=0"/></net>

<net id="117"><net_src comp="107" pin="1"/><net_sink comp="111" pin=0"/></net>

<net id="123"><net_src comp="16" pin="0"/><net_sink comp="118" pin=0"/></net>

<net id="124"><net_src comp="2" pin="0"/><net_sink comp="118" pin=1"/></net>

<net id="125"><net_src comp="4" pin="0"/><net_sink comp="118" pin=2"/></net>

<net id="130"><net_src comp="99" pin="4"/><net_sink comp="126" pin=0"/></net>

<net id="131"><net_src comp="22" pin="0"/><net_sink comp="126" pin=1"/></net>

<net id="136"><net_src comp="99" pin="4"/><net_sink comp="132" pin=0"/></net>

<net id="137"><net_src comp="24" pin="0"/><net_sink comp="132" pin=1"/></net>

<net id="141"><net_src comp="99" pin="4"/><net_sink comp="138" pin=0"/></net>

<net id="142"><net_src comp="138" pin="1"/><net_sink comp="44" pin=2"/></net>

<net id="147"><net_src comp="83" pin="1"/><net_sink comp="143" pin=0"/></net>

<net id="148"><net_src comp="28" pin="0"/><net_sink comp="143" pin=1"/></net>

<net id="154"><net_src comp="30" pin="0"/><net_sink comp="149" pin=0"/></net>

<net id="155"><net_src comp="95" pin="1"/><net_sink comp="149" pin=1"/></net>

<net id="156"><net_src comp="32" pin="0"/><net_sink comp="149" pin=2"/></net>

<net id="161"><net_src comp="111" pin="4"/><net_sink comp="157" pin=0"/></net>

<net id="162"><net_src comp="36" pin="0"/><net_sink comp="157" pin=1"/></net>

<net id="167"><net_src comp="111" pin="4"/><net_sink comp="163" pin=0"/></net>

<net id="168"><net_src comp="40" pin="0"/><net_sink comp="163" pin=1"/></net>

<net id="172"><net_src comp="111" pin="4"/><net_sink comp="169" pin=0"/></net>

<net id="178"><net_src comp="42" pin="0"/><net_sink comp="173" pin=0"/></net>

<net id="179"><net_src comp="169" pin="1"/><net_sink comp="173" pin=1"/></net>

<net id="180"><net_src comp="32" pin="0"/><net_sink comp="173" pin=2"/></net>

<net id="184"><net_src comp="173" pin="3"/><net_sink comp="181" pin=0"/></net>

<net id="189"><net_src comp="181" pin="1"/><net_sink comp="185" pin=1"/></net>

<net id="193"><net_src comp="185" pin="2"/><net_sink comp="190" pin=0"/></net>

<net id="194"><net_src comp="190" pin="1"/><net_sink comp="64" pin=1"/></net>

<net id="198"><net_src comp="111" pin="4"/><net_sink comp="195" pin=0"/></net>

<net id="203"><net_src comp="195" pin="1"/><net_sink comp="199" pin=0"/></net>

<net id="208"><net_src comp="83" pin="1"/><net_sink comp="204" pin=0"/></net>

<net id="209"><net_src comp="199" pin="2"/><net_sink comp="204" pin=1"/></net>

<net id="213"><net_src comp="204" pin="2"/><net_sink comp="210" pin=0"/></net>

<net id="214"><net_src comp="210" pin="1"/><net_sink comp="57" pin=2"/></net>

<net id="221"><net_src comp="132" pin="2"/><net_sink comp="218" pin=0"/></net>

<net id="222"><net_src comp="218" pin="1"/><net_sink comp="99" pin=2"/></net>

<net id="226"><net_src comp="44" pin="3"/><net_sink comp="223" pin=0"/></net>

<net id="227"><net_src comp="223" pin="1"/><net_sink comp="51" pin=0"/></net>

<net id="231"><net_src comp="143" pin="2"/><net_sink comp="228" pin=0"/></net>

<net id="232"><net_src comp="228" pin="1"/><net_sink comp="87" pin=2"/></net>

<net id="236"><net_src comp="149" pin="3"/><net_sink comp="233" pin=0"/></net>

<net id="237"><net_src comp="233" pin="1"/><net_sink comp="199" pin=1"/></net>

<net id="241"><net_src comp="51" pin="3"/><net_sink comp="238" pin=0"/></net>

<net id="242"><net_src comp="238" pin="1"/><net_sink comp="185" pin=0"/></net>

<net id="249"><net_src comp="163" pin="2"/><net_sink comp="246" pin=0"/></net>

<net id="250"><net_src comp="246" pin="1"/><net_sink comp="111" pin=2"/></net>

</net_list>

</model> 
---------------- Datapath Model END ------------------

* FSMD analyzer results:
  - Output states:
	Port: h | {6 }
	Port: s | {2 3 }
	Port: KeccakF_RoundConstan | {}
 - Input state : 
	Port: keccak_squeezeblocks.2 : s | {2 3 4 5 }
	Port: keccak_squeezeblocks.2 : KeccakF_RoundConstan | {2 3 }
  - Chain level:
	State 1
	State 2
		StgValue_11 : 1
	State 3
	State 4
		exitcond : 1
		i_37 : 1
		StgValue_20 : 2
		tmp_s : 1
		s_addr : 2
		s_load : 3
	State 5
	State 6
		tmp_i : 1
		i_38 : 1
		StgValue_33 : 2
		tmp_127 : 1
		tmp_i_59 : 2
		tmp_17_i : 3
		tmp_18_i : 4
		tmp_128 : 5
		tmp_20_i_cast : 1
		tmp : 2
		sum_i : 3
		sum_i_cast : 4
		h_addr : 5
		StgValue_44 : 6


============================================================
+ Verbose Summary: Datapath Resource usage 
============================================================

* Functional unit list:
|----------|---------------------------------|---------|---------|---------|
| Operation|         Functional Unit         |  Delay  |    FF   |   LUT   |
|----------|---------------------------------|---------|---------|---------|
|   call   | grp_KeccakF1600_StatePer_fu_118 | 11.5955 |   4945  |  16607  |
|----------|---------------------------------|---------|---------|---------|
|   lshr   |         tmp_18_i_fu_185         |    0    |    0    |   182   |
|----------|---------------------------------|---------|---------|---------|
|          |           i_37_fu_132           |    0    |    0    |    15   |
|          |           p_rec_fu_143          |    0    |    0    |    15   |
|    add   |           i_38_fu_163           |    0    |    0    |    13   |
|          |            tmp_fu_199           |    0    |    0    |    32   |
|          |           sum_i_fu_204          |    0    |    0    |    32   |
|----------|---------------------------------|---------|---------|---------|
|   icmp   |         exitcond_fu_126         |    0    |    0    |    11   |
|          |           tmp_i_fu_157          |    0    |    0    |    9    |
|----------|---------------------------------|---------|---------|---------|
|          |           tmp_s_fu_138          |    0    |    0    |    0    |
|   zext   |         tmp_17_i_fu_181         |    0    |    0    |    0    |
|          |       tmp_20_i_cast_fu_195      |    0    |    0    |    0    |
|          |        sum_i_cast_fu_210        |    0    |    0    |    0    |
|----------|---------------------------------|---------|---------|---------|
|bitconcatenate|          tmp_96_fu_149          |    0    |    0    |    0    |
|          |         tmp_i_59_fu_173         |    0    |    0    |    0    |
|----------|---------------------------------|---------|---------|---------|
|   trunc  |          tmp_127_fu_169         |    0    |    0    |    0    |
|          |          tmp_128_fu_190         |    0    |    0    |    0    |
|----------|---------------------------------|---------|---------|---------|
|   Total  |                                 | 11.5955 |   4945  |  16916  |
|----------|---------------------------------|---------|---------|---------|

Memories:
N/A

* Register list:
+--------------+--------+
|              |   FF   |
+--------------+--------+
| i_37_reg_218 |    5   |
| i_38_reg_246 |    4   |
|  i_i_reg_107 |    4   |
|   i_reg_95   |    5   |
|p_0_rec_reg_83|    8   |
| p_rec_reg_228|    8   |
|  p_s_reg_70  |    1   |
|s_addr_reg_223|    5   |
|s_load_reg_238|   64   |
|tmp_96_reg_233|    8   |
+--------------+--------+
|     Total    |   112  |
+--------------+--------+

* Multiplexer (MUX) list: 
|------------------|------|------|------|--------||---------||---------|
|       Comp       |  Pin | Size |  BW  | S x BW ||  Delay  ||   LUT   |
|------------------|------|------|------|--------||---------||---------|
| grp_access_fu_51 |  p0  |   2  |   5  |   10   ||    9    |
|    p_s_reg_70    |  p0  |   2  |   1  |    2   |
|  p_0_rec_reg_83  |  p0  |   2  |   8  |   16   ||    9    |
|     i_reg_95     |  p0  |   2  |   5  |   10   ||    9    |
|------------------|------|------|------|--------||---------||---------|
|       Total      |      |      |      |   38   ||   5.4   ||    27   |
|------------------|------|------|------|--------||---------||---------|



* Summary:
+-----------+--------+--------+--------+
|           |  Delay |   FF   |   LUT  |
+-----------+--------+--------+--------+
|  Function |   11   |  4945  |  16916 |
|   Memory  |    -   |    -   |    -   |
|Multiplexer|    5   |    -   |   27   |
|  Register |    -   |   112  |    -   |
+-----------+--------+--------+--------+
|   Total   |   16   |  5057  |  16943 |
+-----------+--------+--------+--------+
