

================================================================
== Vivado HLS Report for 'pack_sig'
================================================================
* Date:           Wed Mar 27 17:23:12 2019

* Version:        2018.2 (Build 2258646 on Thu Jun 14 20:25:20 MDT 2018)
* Project:        Dilithium.prj
* Solution:       solution1
* Product family: artix7
* Target device:  xc7a200tfbg676-2


================================================================
== Performance Estimates
================================================================
+ Timing (ns): 
    * Summary: 
    +--------+-------+----------+------------+
    |  Clock | Target| Estimated| Uncertainty|
    +--------+-------+----------+------------+
    |ap_clk  |  10.00|     7.429|        1.25|
    +--------+-------+----------+------------+

+ Latency (clock cycles): 
    * Summary: 
    +-----+-----+-----+-----+---------+
    |  Latency  |  Interval | Pipeline|
    | min | max | min | max |   Type  |
    +-----+-----+-----+-----+---------+
    |    ?|    ?|    ?|    ?|   none  |
    +-----+-----+-----+-----+---------+

    + Detail: 
        * Instance: 
        N/A

        * Loop: 
        +-------------+------+------+----------+-----------+-----------+------+----------+
        |             |   Latency   | Iteration|  Initiation Interval  | Trip |          |
        |  Loop Name  |  min |  max |  Latency |  achieved |   target  | Count| Pipelined|
        +-------------+------+------+----------+-----------+-----------+------+----------+
        |- Loop 1     |  3592|  3592|       898|          -|          -|     4|    no    |
        | + Loop 1.1  |   896|   896|         7|          -|          -|   128|    no    |
        |- Loop 2     |  2570|  2570|       514|          -|          -|     5|    no    |
        | + Loop 2.1  |   512|   512|         2|          -|          -|   256|    no    |
        |- Loop 3     |     ?|     ?|         1|          -|          -|     ?|    no    |
        |- Loop 4     |   832|   832|        26|          -|          -|    32|    no    |
        | + Loop 4.1  |    24|    24|         3|          -|          -|     8|    no    |
        |- Loop 5     |     8|     8|         1|          -|          -|     8|    no    |
        +-------------+------+------+----------+-----------+-----------+------+----------+



================================================================
== Utilization Estimates
================================================================
* Summary: 
+-----------------+---------+-------+--------+--------+
|       Name      | BRAM_18K| DSP48E|   FF   |   LUT  |
+-----------------+---------+-------+--------+--------+
|DSP              |        -|      -|       -|       -|
|Expression       |        -|      -|       0|    1168|
|FIFO             |        -|      -|       -|       -|
|Instance         |        -|      -|       -|       -|
|Memory           |        -|      -|       -|       -|
|Multiplexer      |        -|      -|       -|     310|
|Register         |        -|      -|     379|       -|
+-----------------+---------+-------+--------+--------+
|Total            |        0|      0|     379|    1478|
+-----------------+---------+-------+--------+--------+
|Available        |      730|    740|  269200|  129000|
+-----------------+---------+-------+--------+--------+
|Utilization (%)  |        0|      0|   ~0   |       1|
+-----------------+---------+-------+--------+--------+

+ Detail: 
    * Instance: 
    N/A

    * DSP48: 
    N/A

    * Memory: 
    N/A

    * FIFO: 
    N/A

    * Expression: 
    +------------------------------+----------+-------+---+-----+------------+------------+
    |         Variable Name        | Operation| DSP48E| FF| LUT | Bitwidth P0| Bitwidth P1|
    +------------------------------+----------+-------+---+-----+------------+------------+
    |i_31_fu_411_p2                |     +    |      0|  0|   12|           3|           1|
    |i_32_fu_761_p2                |     +    |      0|  0|   12|           3|           1|
    |i_33_fu_909_p2                |     +    |      0|  0|   15|           6|           1|
    |i_34_fu_1031_p2               |     +    |      0|  0|   13|           4|           1|
    |i_5_fu_450_p2                 |     +    |      0|  0|   15|           8|           1|
    |j_3_fu_785_p2                 |     +    |      0|  0|   16|           9|           1|
    |j_4_fu_952_p2                 |     +    |      0|  0|   13|           4|           1|
    |k_1_fu_872_p2                 |     +    |      0|  0|   39|           1|          32|
    |k_2_fu_840_p2                 |     +    |      0|  0|   39|           1|          32|
    |sum2_fu_850_p2                |     +    |      0|  0|   21|          12|          14|
    |sum2_i_fu_642_p2              |     +    |      0|  0|   19|          12|          12|
    |sum4_i_fu_708_p2              |     +    |      0|  0|   19|          12|          12|
    |sum6_fu_882_p2                |     +    |      0|  0|   19|          12|          12|
    |sum6_i_fu_727_p2              |     +    |      0|  0|   19|          12|          12|
    |sum8_fu_919_p2                |     +    |      0|  0|   19|          12|          12|
    |sum8_i_fu_746_p2              |     +    |      0|  0|   19|          12|          12|
    |sum_fu_1068_p2                |     +    |      0|  0|   19|          12|          12|
    |sum_i_fu_591_p2               |     +    |      0|  0|   19|          12|          12|
    |tmp_46_i_cast_fu_531_p2       |     +    |      0|  0|   23|          16|          16|
    |tmp_46_i_fu_525_p2            |     +    |      0|  0|   31|          24|          24|
    |tmp_51_i_cast_fu_627_p2       |     +    |      0|  0|   19|          12|          12|
    |tmp_51_i_fu_621_p2            |     +    |      0|  0|   27|          20|          20|
    |tmp_52_i_fu_537_p2            |     +    |      0|  0|   15|           8|           8|
    |tmp_53_i_fu_487_p2            |     +    |      0|  0|   17|          10|          10|
    |tmp_54_fu_958_p2              |     +    |      0|  0|   15|           8|           8|
    |tmp_57_i_fu_633_p2            |     +    |      0|  0|   17|           1|          10|
    |tmp_61_i_fu_699_p2            |     +    |      0|  0|   17|           2|          10|
    |tmp_63_i_fu_660_p2            |     +    |      0|  0|   13|           4|           4|
    |tmp_69_i_fu_718_p2            |     +    |      0|  0|   17|           2|          10|
    |tmp_73_i_fu_737_p2            |     +    |      0|  0|   17|           3|          10|
    |tmp_92_fu_795_p2              |     +    |      0|  0|   19|          12|          12|
    |grp_fu_385_p2                 |     -    |      0|  0|   39|          19|          32|
    |tmp_32_fu_755_p2              |   icmp   |      0|  0|    9|           3|           3|
    |tmp_34_fu_866_p2              |   icmp   |      0|  0|   18|          32|           7|
    |tmp_35_fu_779_p2              |   icmp   |      0|  0|   13|           9|          10|
    |tmp_40_fu_903_p2              |   icmp   |      0|  0|   11|           6|           7|
    |tmp_43_fu_1025_p2             |   icmp   |      0|  0|   11|           4|           5|
    |tmp_44_fu_946_p2              |   icmp   |      0|  0|   11|           4|           5|
    |tmp_56_fu_968_p2              |   icmp   |      0|  0|   18|          23|           1|
    |tmp_59_fu_977_p2              |   icmp   |      0|  0|   18|          23|          15|
    |tmp_fu_405_p2                 |   icmp   |      0|  0|    9|           3|           4|
    |tmp_i_fu_444_p2               |   icmp   |      0|  0|   13|           8|           9|
    |tmp_47_fu_1053_p2             |   lshr   |      0|  0|  182|          64|          64|
    |p_signs_1_fu_991_p2           |    or    |      0|  0|   64|          64|          64|
    |tmp_47_i_fu_569_p2            |    or    |      0|  0|    8|           8|           1|
    |tmp_58_fu_1018_p2             |    or    |      0|  0|    8|           8|           8|
    |tmp_66_i_fu_674_p2            |    or    |      0|  0|    8|           8|           8|
    |tmp_45_i_cast_cast_fu_497_p3  |  select  |      0|  0|   23|           1|          23|
    |tmp_49_cast_fu_513_p3         |  select  |      0|  0|   14|           1|          14|
    |tmp_50_i_cast_cast_fu_605_p3  |  select  |      0|  0|   14|           1|          14|
    |tmp_60_fu_983_p3              |  select  |      0|  0|   64|           1|          64|
    |tmp_57_fu_1013_p2             |    shl   |      0|  0|   19|           1|           8|
    +------------------------------+----------+-------+---+-----+------------+------------+
    |Total                         |          |      0|  0| 1168|         560|         701|
    +------------------------------+----------+-------+---+-----+------------+------------+

    * Multiplexer: 
    +-----------------------+----+-----------+-----+-----------+
    |          Name         | LUT| Input Size| Bits| Total Bits|
    +-----------------------+----+-----------+-----+-----------+
    |ap_NS_fsm              |  93|         19|    1|         19|
    |i_1_reg_319            |   9|          2|    3|          6|
    |i_2_reg_352            |   9|          2|    6|         12|
    |i_3_reg_374            |   9|          2|    4|          8|
    |i_i_reg_307            |   9|          2|    8|         16|
    |i_reg_295              |   9|          2|    3|          6|
    |j_1_reg_363            |   9|          2|    4|          8|
    |j_reg_331              |   9|          2|    9|         18|
    |k_3_reg_343            |   9|          2|   32|         64|
    |k_fu_150               |   9|          2|   32|         64|
    |mask_fu_154            |   9|          2|   64|        128|
    |sig_address0           |  53|         12|   13|        156|
    |sig_d0                 |  50|         11|    8|         88|
    |signs_fu_158           |   9|          2|   64|        128|
    |z_vec_coeffs_address0  |  15|          3|   10|         30|
    +-----------------------+----+-----------+-----+-----------+
    |Total                  | 310|         67|  261|        751|
    +-----------------------+----+-----------+-----+-----------+

    * Register: 
    +----------------------+----+----+-----+-----------+
    |         Name         | FF | LUT| Bits| Const Bits|
    +----------------------+----+----+-----+-----------+
    |ap_CS_fsm             |  18|   0|   18|          0|
    |i_1_reg_319           |   3|   0|    3|          0|
    |i_2_reg_352           |   6|   0|    6|          0|
    |i_31_reg_1082         |   3|   0|    3|          0|
    |i_32_reg_1173         |   3|   0|    3|          0|
    |i_33_reg_1224         |   6|   0|    6|          0|
    |i_3_reg_374           |   4|   0|    4|          0|
    |i_5_reg_1106          |   8|   0|    8|          0|
    |i_i_reg_307           |   8|   0|    8|          0|
    |i_reg_295             |   3|   0|    3|          0|
    |j_1_cast3_reg_1239    |   4|   0|    8|          4|
    |j_1_reg_363           |   4|   0|    4|          0|
    |j_3_reg_1186          |   9|   0|    9|          0|
    |j_4_reg_1247          |   4|   0|    4|          0|
    |j_reg_331             |   9|   0|    9|          0|
    |k_3_reg_343           |  32|   0|   32|          0|
    |k_fu_150              |  32|   0|   32|          0|
    |mask_fu_154           |  64|   0|   64|          0|
    |sig_addr_1_reg_1229   |  12|   0|   13|          1|
    |signs_fu_158          |  64|   0|   64|          0|
    |sum8_i_reg_1160       |  12|   0|   12|          0|
    |tmp_42_reg_1234       |   5|   0|    8|          3|
    |tmp_52_i_reg_1125     |   8|   0|    8|          0|
    |tmp_53_i_reg_1116     |  10|   0|   10|          0|
    |tmp_56_i_reg_1130     |   8|   0|    8|          0|
    |tmp_56_reg_1257       |   1|   0|    1|          0|
    |tmp_60_i_reg_1135     |   8|   0|    8|          0|
    |tmp_66_i_reg_1145     |   8|   0|    8|          0|
    |tmp_68_i_reg_1150     |   8|   0|    8|          0|
    |tmp_72_i_reg_1155     |   8|   0|    8|          0|
    |tmp_85_cast_reg_1178  |   3|   0|   12|          9|
    |tmp_87_cast_reg_1087  |   4|   0|   12|          8|
    +----------------------+----+----+-----+-----------+
    |Total                 | 379|   0|  404|         25|
    +----------------------+----+----+-----+-----------+



================================================================
== Interface
================================================================
* Summary: 
+-----------------------+-----+-----+------------+--------------+--------------+
|       RTL Ports       | Dir | Bits|  Protocol  | Source Object|    C Type    |
+-----------------------+-----+-----+------------+--------------+--------------+
|ap_clk                 |  in |    1| ap_ctrl_hs |   pack_sig   | return value |
|ap_rst                 |  in |    1| ap_ctrl_hs |   pack_sig   | return value |
|ap_start               |  in |    1| ap_ctrl_hs |   pack_sig   | return value |
|ap_done                | out |    1| ap_ctrl_hs |   pack_sig   | return value |
|ap_idle                | out |    1| ap_ctrl_hs |   pack_sig   | return value |
|ap_ready               | out |    1| ap_ctrl_hs |   pack_sig   | return value |
|sig_address0           | out |   13|  ap_memory |      sig     |     array    |
|sig_ce0                | out |    1|  ap_memory |      sig     |     array    |
|sig_we0                | out |    1|  ap_memory |      sig     |     array    |
|sig_d0                 | out |    8|  ap_memory |      sig     |     array    |
|sig_q0                 |  in |    8|  ap_memory |      sig     |     array    |
|z_vec_coeffs_address0  | out |   10|  ap_memory | z_vec_coeffs |     array    |
|z_vec_coeffs_ce0       | out |    1|  ap_memory | z_vec_coeffs |     array    |
|z_vec_coeffs_q0        |  in |   32|  ap_memory | z_vec_coeffs |     array    |
|h_vec_coeffs_address0  | out |   11|  ap_memory | h_vec_coeffs |     array    |
|h_vec_coeffs_ce0       | out |    1|  ap_memory | h_vec_coeffs |     array    |
|h_vec_coeffs_q0        |  in |    1|  ap_memory | h_vec_coeffs |     array    |
|c_coeffs_address0      | out |    8|  ap_memory |   c_coeffs   |     array    |
|c_coeffs_ce0           | out |    1|  ap_memory |   c_coeffs   |     array    |
|c_coeffs_q0            |  in |   23|  ap_memory |   c_coeffs   |     array    |
+-----------------------+-----+-----+------------+--------------+--------------+

