

================================================================
== Vivado HLS Report for 'polyveck_decompose'
================================================================
* Date:           Tue Mar 19 14:03:46 2019

* Version:        2018.2 (Build 2258646 on Thu Jun 14 20:25:20 MDT 2018)
* Project:        Dilithium.prj
* Solution:       encryption_unroll
* Product family: artix7
* Target device:  xc7a200tfbg676-2


================================================================
== Performance Estimates
================================================================
+ Timing (ns): 
    * Summary: 
    +--------+-------+----------+------------+
    |  Clock | Target| Estimated| Uncertainty|
    +--------+-------+----------+------------+
    |ap_clk  |  10.00|     8.738|        1.25|
    +--------+-------+----------+------------+

+ Latency (clock cycles): 
    * Summary: 
    +------+------+------+------+---------+
    |   Latency   |   Interval  | Pipeline|
    |  min |  max |  min |  max |   Type  |
    +------+------+------+------+---------+
    |  5131|  5131|  5131|  5131|   none  |
    +------+------+------+------+---------+

    + Detail: 
        * Instance: 
        N/A

        * Loop: 
        +-------------+------+------+----------+-----------+-----------+------+----------+
        |             |   Latency   | Iteration|  Initiation Interval  | Trip |          |
        |  Loop Name  |  min |  max |  Latency |  achieved |   target  | Count| Pipelined|
        +-------------+------+------+----------+-----------+-----------+------+----------+
        |- Loop 1     |  5130|  5130|      1026|          -|          -|     5|    no    |
        | + Loop 1.1  |  1024|  1024|         4|          -|          -|   256|    no    |
        +-------------+------+------+----------+-----------+-----------+------+----------+



================================================================
== Utilization Estimates
================================================================
* Summary: 
+-----------------+---------+-------+--------+--------+
|       Name      | BRAM_18K| DSP48E|   FF   |   LUT  |
+-----------------+---------+-------+--------+--------+
|DSP              |        -|      -|       -|       -|
|Expression       |        -|      -|       0|     383|
|FIFO             |        -|      -|       -|       -|
|Instance         |        -|      -|       -|       -|
|Memory           |        -|      -|       -|       -|
|Multiplexer      |        -|      -|       -|      56|
|Register         |        -|      -|     115|       -|
+-----------------+---------+-------+--------+--------+
|Total            |        0|      0|     115|     439|
+-----------------+---------+-------+--------+--------+
|Available        |      730|    740|  269200|  129000|
+-----------------+---------+-------+--------+--------+
|Utilization (%)  |        0|      0|   ~0   |   ~0   |
+-----------------+---------+-------+--------+--------+

+ Detail: 
    * Instance: 
    N/A

    * DSP48: 
    N/A

    * Memory: 
    N/A

    * FIFO: 
    N/A

    * Expression: 
    +-------------------------------+----------+-------+---+----+------------+------------+
    |         Variable Name         | Operation| DSP48E| FF| LUT| Bitwidth P0| Bitwidth P1|
    +-------------------------------+----------+-------+---+----+------------+------------+
    |a_assign_2_fu_313_p2           |     +    |      0|  0|  21|          14|          14|
    |a_assign_3_fu_319_p2           |     +    |      0|  0|  13|           4|           4|
    |i_25_fu_135_p2                 |     +    |      0|  0|  12|           3|           1|
    |j_2_fu_159_p2                  |     +    |      0|  0|  16|           9|           1|
    |t_14_fu_219_p2                 |     +    |      0|  0|  31|          24|          24|
    |t_15_fu_241_p2                 |     +    |      0|  0|  31|          24|          24|
    |t_1_i_fu_250_p2                |     +    |      0|  0|  32|          18|          32|
    |tmp1_fu_209_p2                 |     +    |      0|  0|  30|          19|          23|
    |tmp_288_i_fu_338_p2            |     +    |      0|  0|  32|          23|          24|
    |tmp_581_fu_169_p2              |     +    |      0|  0|  19|          12|          12|
    |u_fu_261_p2                    |     +    |      0|  0|  39|           2|          32|
    |a0_write_assign_fu_343_p2      |     -    |      0|  0|  32|          24|          24|
    |a_assign_s_fu_255_p2           |     -    |      0|  0|  32|          32|          32|
    |tmp_29_fu_153_p2               |   icmp   |      0|  0|  13|           9|          10|
    |tmp_fu_129_p2                  |   icmp   |      0|  0|   9|           3|           3|
    |tmp_285_i_cast_cast_fu_233_p3  |  select  |      0|  0|  19|           1|          19|
    |tmp2_fu_289_p2                 |    xor   |      0|  0|   2|           1|           2|
    +-------------------------------+----------+-------+---+----+------------+------------+
    |Total                          |          |      0|  0| 383|         222|         281|
    +-------------------------------+----------+-------+---+----+------------+------------+

    * Multiplexer: 
    +-----------+----+-----------+-----+-----------+
    |    Name   | LUT| Input Size| Bits| Total Bits|
    +-----------+----+-----------+-----+-----------+
    |ap_NS_fsm  |  38|          7|    1|          7|
    |i_reg_107  |   9|          2|    3|          6|
    |j_reg_118  |   9|          2|    9|         18|
    +-----------+----+-----------+-----+-----------+
    |Total      |  56|         11|   13|         31|
    +-----------+----+-----------+-----+-----------+

    * Register: 
    +---------------------------+----+----+-----+-----------+
    |            Name           | FF | LUT| Bits| Const Bits|
    +---------------------------+----+----+-----+-----------+
    |a_assign_3_reg_401         |   4|   0|    4|          0|
    |ap_CS_fsm                  |   6|   0|    6|          0|
    |i_25_reg_361               |   3|   0|    3|          0|
    |i_reg_107                  |   3|   0|    3|          0|
    |j_2_reg_374                |   9|   0|    9|          0|
    |j_reg_118                  |   9|   0|    9|          0|
    |t_15_reg_395               |  24|   0|   24|          0|
    |tmp_287_i_reg_406          |  10|   0|   10|          0|
    |tmp_584_cast_reg_366       |   3|   0|   12|          9|
    |tmp_585_cast_reg_379       |  12|   0|   64|         52|
    |v_vec_coeffs_load_reg_390  |  32|   0|   32|          0|
    +---------------------------+----+----+-----+-----------+
    |Total                      | 115|   0|  176|         61|
    +---------------------------+----+----+-----+-----------+



================================================================
== Interface
================================================================
* Summary: 
+------------------------+-----+-----+------------+--------------------+--------------+
|        RTL Ports       | Dir | Bits|  Protocol  |    Source Object   |    C Type    |
+------------------------+-----+-----+------------+--------------------+--------------+
|ap_clk                  |  in |    1| ap_ctrl_hs | polyveck_decompose | return value |
|ap_rst                  |  in |    1| ap_ctrl_hs | polyveck_decompose | return value |
|ap_start                |  in |    1| ap_ctrl_hs | polyveck_decompose | return value |
|ap_done                 | out |    1| ap_ctrl_hs | polyveck_decompose | return value |
|ap_idle                 | out |    1| ap_ctrl_hs | polyveck_decompose | return value |
|ap_ready                | out |    1| ap_ctrl_hs | polyveck_decompose | return value |
|v1_vec_coeffs_address0  | out |   11|  ap_memory |    v1_vec_coeffs   |     array    |
|v1_vec_coeffs_ce0       | out |    1|  ap_memory |    v1_vec_coeffs   |     array    |
|v1_vec_coeffs_we0       | out |    1|  ap_memory |    v1_vec_coeffs   |     array    |
|v1_vec_coeffs_d0        | out |   32|  ap_memory |    v1_vec_coeffs   |     array    |
|v0_vec_coeffs_address0  | out |   11|  ap_memory |    v0_vec_coeffs   |     array    |
|v0_vec_coeffs_ce0       | out |    1|  ap_memory |    v0_vec_coeffs   |     array    |
|v0_vec_coeffs_we0       | out |    1|  ap_memory |    v0_vec_coeffs   |     array    |
|v0_vec_coeffs_d0        | out |   32|  ap_memory |    v0_vec_coeffs   |     array    |
|v_vec_coeffs_address0   | out |   11|  ap_memory |    v_vec_coeffs    |     array    |
|v_vec_coeffs_ce0        | out |    1|  ap_memory |    v_vec_coeffs    |     array    |
|v_vec_coeffs_q0         |  in |   32|  ap_memory |    v_vec_coeffs    |     array    |
+------------------------+-----+-----+------------+--------------------+--------------+

