

================================================================
== Vivado HLS Report for 'rej_gamma1m1'
================================================================
* Date:           Tue Mar 19 14:03:39 2019

* Version:        2018.2 (Build 2258646 on Thu Jun 14 20:25:20 MDT 2018)
* Project:        Dilithium.prj
* Solution:       encryption_unroll
* Product family: artix7
* Target device:  xc7a200tfbg676-2


================================================================
== Performance Estimates
================================================================
+ Timing (ns): 
    * Summary: 
    +--------+-------+----------+------------+
    |  Clock | Target| Estimated| Uncertainty|
    +--------+-------+----------+------------+
    |ap_clk  |  10.00|     8.354|        1.25|
    +--------+-------+----------+------------+

+ Latency (clock cycles): 
    * Summary: 
    +-----+-----+-----+-----+---------+
    |  Latency  |  Interval | Pipeline|
    | min | max | min | max |   Type  |
    +-----+-----+-----+-----+---------+
    |    ?|    ?|    ?|    ?|   none  |
    +-----+-----+-----+-----+---------+

    + Detail: 
        * Instance: 
        N/A

        * Loop: 
        +----------+-----+-----+----------+-----------+-----------+------+----------+
        |          |  Latency  | Iteration|  Initiation Interval  | Trip |          |
        | Loop Name| min | max |  Latency |  achieved |   target  | Count| Pipelined|
        +----------+-----+-----+----------+-----------+-----------+------+----------+
        |- Loop 1  |    ?|    ?|         5|          -|          -|     ?|    no    |
        +----------+-----+-----+----------+-----------+-----------+------+----------+



================================================================
== Utilization Estimates
================================================================
* Summary: 
+-----------------+---------+-------+--------+--------+
|       Name      | BRAM_18K| DSP48E|   FF   |   LUT  |
+-----------------+---------+-------+--------+--------+
|DSP              |        -|      -|       -|       -|
|Expression       |        -|      -|       0|     382|
|FIFO             |        -|      -|       -|       -|
|Instance         |        -|      -|       -|       -|
|Memory           |        -|      -|       -|       -|
|Multiplexer      |        -|      -|       -|     155|
|Register         |        -|      -|     176|       -|
+-----------------+---------+-------+--------+--------+
|Total            |        0|      0|     176|     537|
+-----------------+---------+-------+--------+--------+
|Available        |      730|    740|  269200|  129000|
+-----------------+---------+-------+--------+--------+
|Utilization (%)  |        0|      0|   ~0   |   ~0   |
+-----------------+---------+-------+--------+--------+

+ Detail: 
    * Instance: 
    N/A

    * DSP48: 
    N/A

    * Memory: 
    N/A

    * FIFO: 
    N/A

    * Expression: 
    +-------------------+----------+-------+---+----+------------+------------+
    |   Variable Name   | Operation| DSP48E| FF| LUT| Bitwidth P0| Bitwidth P1|
    +-------------------+----------+-------+---+----+------------+------------+
    |ctr_4_fu_328_p2    |     +    |      0|  0|  16|           9|           1|
    |ctr_5_fu_377_p2    |     +    |      0|  0|  16|           9|           1|
    |pos_1_fu_316_p2    |     +    |      0|  0|  39|          32|           3|
    |sum3_fu_363_p2     |     +    |      0|  0|  16|           9|           9|
    |sum_fu_334_p2      |     +    |      0|  0|  16|           9|           9|
    |tmp_12_fu_235_p2   |     +    |      0|  0|  39|          32|           2|
    |tmp_14_fu_256_p2   |     +    |      0|  0|  39|          32|           2|
    |tmp_17_fu_267_p2   |     +    |      0|  0|  39|          32|           3|
    |tmp_40_fu_343_p2   |     +    |      0|  0|  19|          12|          12|
    |tmp_41_fu_372_p2   |     +    |      0|  0|  19|          12|          12|
    |tmp_fu_216_p2      |     +    |      0|  0|  17|           4|          10|
    |a_d0               |     -    |      0|  0|  31|          24|          24|
    |or_cond_fu_358_p2  |    and   |      0|  0|   2|           1|           1|
    |tmp_19_fu_322_p2   |   icmp   |      0|  0|  18|          20|          12|
    |tmp_23_fu_353_p2   |   icmp   |      0|  0|  13|           9|           9|
    |tmp_25_fu_388_p2   |   icmp   |      0|  0|  18|          32|          32|
    |tmp_s_fu_230_p2    |   icmp   |      0|  0|  13|           9|           9|
    |tmp_21_fu_297_p2   |    or    |      0|  0|  12|          12|          12|
    +-------------------+----------+-------+---+----+------------+------------+
    |Total              |          |      0|  0| 382|         299|         163|
    +-------------------+----------+-------+---+----+------------+------------+

    * Multiplexer: 
    +--------------------------------+----+-----------+-----+-----------+
    |              Name              | LUT| Input Size| Bits| Total Bits|
    +--------------------------------+----+-----------+-----+-----------+
    |a_address0                      |  15|          3|   10|         30|
    |ap_NS_fsm                       |  38|          7|    1|          7|
    |ap_phi_mux_ctr_2_phi_fu_175_p4  |   9|          2|    9|         18|
    |ap_phi_mux_ctr_3_phi_fu_186_p4  |   9|          2|    9|         18|
    |ap_return                       |   9|          2|    9|         18|
    |buf_r_address0                  |  15|          3|   10|         30|
    |ctr_1_reg_160                   |   9|          2|    9|         18|
    |ctr_2_reg_171                   |   9|          2|    9|         18|
    |ctr_3_reg_183                   |   9|          2|    9|         18|
    |ctr_reg_136                     |   9|          2|    9|         18|
    |grp_fu_194_p1                   |  15|          3|   24|         72|
    |pos_reg_148                     |   9|          2|   32|         64|
    +--------------------------------+----+-----------+-----+-----------+
    |Total                           | 155|         32|  140|        329|
    +--------------------------------+----+-----------+-----+-----------+

    * Register: 
    +---------------------+----+----+-----+-----------+
    |         Name        | FF | LUT| Bits| Const Bits|
    +---------------------+----+----+-----+-----------+
    |ap_CS_fsm            |   6|   0|    6|          0|
    |ap_return_preg       |   9|   0|    9|          0|
    |ctr_1_reg_160        |   9|   0|    9|          0|
    |ctr_2_reg_171        |   9|   0|    9|          0|
    |ctr_3_reg_183        |   9|   0|    9|          0|
    |ctr_reg_136          |   9|   0|    9|          0|
    |or_cond_reg_460      |   1|   0|    1|          0|
    |pos_1_reg_444        |  32|   0|   32|          0|
    |pos_reg_148          |  32|   0|   32|          0|
    |t_2_cast_reg_439     |  20|   0|   24|          4|
    |t_reg_424            |   4|   0|    4|          0|
    |tmp_19_reg_450       |   1|   0|    1|          0|
    |tmp_40_cast_reg_398  |   3|   0|   12|          9|
    |tmp_41_reg_464       |  12|   0|   12|          0|
    |tmp_45_reg_409       |   9|   0|    9|          0|
    |tmp_cast_reg_404     |  10|   0|   32|         22|
    |tmp_s_reg_415        |   1|   0|    1|          0|
    +---------------------+----+----+-----+-----------+
    |Total                | 176|   0|  211|         35|
    +---------------------+----+----+-----+-----------+



================================================================
== Interface
================================================================
* Summary: 
+----------------+-----+-----+------------+--------------+--------------+
|    RTL Ports   | Dir | Bits|  Protocol  | Source Object|    C Type    |
+----------------+-----+-----+------------+--------------+--------------+
|ap_clk          |  in |    1| ap_ctrl_hs | rej_gamma1m1 | return value |
|ap_rst          |  in |    1| ap_ctrl_hs | rej_gamma1m1 | return value |
|ap_start        |  in |    1| ap_ctrl_hs | rej_gamma1m1 | return value |
|ap_done         | out |    1| ap_ctrl_hs | rej_gamma1m1 | return value |
|ap_idle         | out |    1| ap_ctrl_hs | rej_gamma1m1 | return value |
|ap_ready        | out |    1| ap_ctrl_hs | rej_gamma1m1 | return value |
|ap_return       | out |    9| ap_ctrl_hs | rej_gamma1m1 | return value |
|a_address0      | out |   10|  ap_memory |       a      |     array    |
|a_ce0           | out |    1|  ap_memory |       a      |     array    |
|a_we0           | out |    1|  ap_memory |       a      |     array    |
|a_d0            | out |   24|  ap_memory |       a      |     array    |
|a_offset        |  in |    3|   ap_none  |   a_offset   |    scalar    |
|a_offset1       |  in |    9|   ap_none  |   a_offset1  |    scalar    |
|len             |  in |   10|   ap_none  |      len     |    scalar    |
|buf_r_address0  | out |   10|  ap_memory |     buf_r    |     array    |
|buf_r_ce0       | out |    1|  ap_memory |     buf_r    |     array    |
|buf_r_q0        |  in |    8|  ap_memory |     buf_r    |     array    |
|buf_r_address1  | out |   10|  ap_memory |     buf_r    |     array    |
|buf_r_ce1       | out |    1|  ap_memory |     buf_r    |     array    |
|buf_r_q1        |  in |    8|  ap_memory |     buf_r    |     array    |
|buflen          |  in |   11|   ap_none  |    buflen    |    scalar    |
+----------------+-----+-----+------------+--------------+--------------+

