Report time       : Wed Mar 27 17:19:54 EDT 2019.
Solution          : decryption.
Simulation tool   : xsim.

+----------+----------+-----------------------------------------------+-----------------------------------------------+
|          |          |                    Latency                    |                    Interval                   |
+   RTL    +  Status  +-----------------------------------------------+-----------------------------------------------+
|          |          |      min      |      avg      |      max      |      min      |      avg      |      max      |
+----------+----------+-----------------------------------------------+-----------------------------------------------+
|      VHDL|        NA|             NA|             NA|             NA|             NA|             NA|             NA|
|   Verilog|      Pass|         297592|         297592|         297592|             NA|             NA|             NA|
+----------+----------+-----------------------------------------------+-----------------------------------------------+
